Component: ARM Compiler 5.06 update 6 (build 750) Tool: armlink [4d35ed]

==============================================================================

Section Cross References

    system_stm32f10x.o(i.SetSysClock) refers to system_stm32f10x.o(i.SetSysClockTo72) for SetSysClockTo72
    system_stm32f10x.o(i.SystemCoreClockUpdate) refers to system_stm32f10x.o(.data) for SystemCoreClock
    system_stm32f10x.o(i.SystemInit) refers to system_stm32f10x.o(i.SetSysClock) for SetSysClock
    startup_stm32f10x_hd.o(RESET) refers to startup_stm32f10x_hd.o(STACK) for __initial_sp
    startup_stm32f10x_hd.o(RESET) refers to startup_stm32f10x_hd.o(.text) for Reset_Handler
    startup_stm32f10x_hd.o(RESET) refers to stm32f10x_it.o(i.NMI_Handler) for NMI_Handler
    startup_stm32f10x_hd.o(RESET) refers to stm32f10x_it.o(i.HardFault_Handler) for HardFault_Handler
    startup_stm32f10x_hd.o(RESET) refers to stm32f10x_it.o(i.MemManage_Handler) for MemManage_Handler
    startup_stm32f10x_hd.o(RESET) refers to stm32f10x_it.o(i.BusFault_Handler) for BusFault_Handler
    startup_stm32f10x_hd.o(RESET) refers to stm32f10x_it.o(i.UsageFault_Handler) for UsageFault_Handler
    startup_stm32f10x_hd.o(RESET) refers to stm32f10x_it.o(i.SVC_Handler) for SVC_Handler
    startup_stm32f10x_hd.o(RESET) refers to stm32f10x_it.o(i.DebugMon_Handler) for DebugMon_Handler
    startup_stm32f10x_hd.o(RESET) refers to stm32f10x_it.o(i.PendSV_Handler) for PendSV_Handler
    startup_stm32f10x_hd.o(RESET) refers to stm32f10x_it.o(i.SysTick_Handler) for SysTick_Handler
    startup_stm32f10x_hd.o(RESET) refers to us_100.o(i.EXTI1_IRQHandler) for EXTI1_IRQHandler
    startup_stm32f10x_hd.o(RESET) refers to ppm.o(i.EXTI9_5_IRQHandler) for EXTI9_5_IRQHandler
    startup_stm32f10x_hd.o(RESET) refers to time.o(i.TIM2_IRQHandler) for TIM2_IRQHandler
    startup_stm32f10x_hd.o(RESET) refers to time.o(i.TIM4_IRQHandler) for TIM4_IRQHandler
    startup_stm32f10x_hd.o(RESET) refers to esp8266.o(i.USART1_IRQHandler) for USART1_IRQHandler
    startup_stm32f10x_hd.o(RESET) refers to usart.o(i.USART3_IRQHandler) for USART3_IRQHandler
    startup_stm32f10x_hd.o(.text) refers to system_stm32f10x.o(i.SystemInit) for SystemInit
    startup_stm32f10x_hd.o(.text) refers to entry.o(.ARM.Collect$$$$00000000) for __main
    stm32f10x_tim.o(i.TIM_DeInit) refers to stm32f10x_rcc.o(i.RCC_APB2PeriphResetCmd) for RCC_APB2PeriphResetCmd
    stm32f10x_tim.o(i.TIM_DeInit) refers to stm32f10x_rcc.o(i.RCC_APB1PeriphResetCmd) for RCC_APB1PeriphResetCmd
    stm32f10x_tim.o(i.TIM_ETRClockMode1Config) refers to stm32f10x_tim.o(i.TIM_ETRConfig) for TIM_ETRConfig
    stm32f10x_tim.o(i.TIM_ETRClockMode2Config) refers to stm32f10x_tim.o(i.TIM_ETRConfig) for TIM_ETRConfig
    stm32f10x_tim.o(i.TIM_ICInit) refers to stm32f10x_tim.o(i.TI1_Config) for TI1_Config
    stm32f10x_tim.o(i.TIM_ICInit) refers to stm32f10x_tim.o(i.TIM_SetIC1Prescaler) for TIM_SetIC1Prescaler
    stm32f10x_tim.o(i.TIM_ICInit) refers to stm32f10x_tim.o(i.TI2_Config) for TI2_Config
    stm32f10x_tim.o(i.TIM_ICInit) refers to stm32f10x_tim.o(i.TIM_SetIC2Prescaler) for TIM_SetIC2Prescaler
    stm32f10x_tim.o(i.TIM_ICInit) refers to stm32f10x_tim.o(i.TI3_Config) for TI3_Config
    stm32f10x_tim.o(i.TIM_ICInit) refers to stm32f10x_tim.o(i.TIM_SetIC3Prescaler) for TIM_SetIC3Prescaler
    stm32f10x_tim.o(i.TIM_ICInit) refers to stm32f10x_tim.o(i.TI4_Config) for TI4_Config
    stm32f10x_tim.o(i.TIM_ICInit) refers to stm32f10x_tim.o(i.TIM_SetIC4Prescaler) for TIM_SetIC4Prescaler
    stm32f10x_tim.o(i.TIM_ITRxExternalClockConfig) refers to stm32f10x_tim.o(i.TIM_SelectInputTrigger) for TIM_SelectInputTrigger
    stm32f10x_tim.o(i.TIM_PWMIConfig) refers to stm32f10x_tim.o(i.TI1_Config) for TI1_Config
    stm32f10x_tim.o(i.TIM_PWMIConfig) refers to stm32f10x_tim.o(i.TIM_SetIC1Prescaler) for TIM_SetIC1Prescaler
    stm32f10x_tim.o(i.TIM_PWMIConfig) refers to stm32f10x_tim.o(i.TI2_Config) for TI2_Config
    stm32f10x_tim.o(i.TIM_PWMIConfig) refers to stm32f10x_tim.o(i.TIM_SetIC2Prescaler) for TIM_SetIC2Prescaler
    stm32f10x_tim.o(i.TIM_TIxExternalClockConfig) refers to stm32f10x_tim.o(i.TI2_Config) for TI2_Config
    stm32f10x_tim.o(i.TIM_TIxExternalClockConfig) refers to stm32f10x_tim.o(i.TI1_Config) for TI1_Config
    stm32f10x_tim.o(i.TIM_TIxExternalClockConfig) refers to stm32f10x_tim.o(i.TIM_SelectInputTrigger) for TIM_SelectInputTrigger
    stm32f10x_usart.o(i.USART_DeInit) refers to stm32f10x_rcc.o(i.RCC_APB2PeriphResetCmd) for RCC_APB2PeriphResetCmd
    stm32f10x_usart.o(i.USART_DeInit) refers to stm32f10x_rcc.o(i.RCC_APB1PeriphResetCmd) for RCC_APB1PeriphResetCmd
    stm32f10x_usart.o(i.USART_Init) refers to stm32f10x_rcc.o(i.RCC_GetClocksFreq) for RCC_GetClocksFreq
    stm32f10x_adc.o(i.ADC_DeInit) refers to stm32f10x_rcc.o(i.RCC_APB2PeriphResetCmd) for RCC_APB2PeriphResetCmd
[...]
    _printf_truncate_signed                  0x00000000   Number         0  stubs.o ABSOLUTE
    _printf_truncate_unsigned                0x00000000   Number         0  stubs.o ABSOLUTE
    _printf_u                                0x00000000   Number         0  stubs.o ABSOLUTE
    _printf_wc                               0x00000000   Number         0  stubs.o ABSOLUTE
    _printf_wctomb                           0x00000000   Number         0  stubs.o ABSOLUTE
    _printf_widthprec                        0x00000000   Number         0  stubs.o ABSOLUTE
    _printf_x                                0x00000000   Number         0  stubs.o ABSOLUTE
    __cpp_initialize__aeabi_                  - Undefined Weak Reference
    __cxa_finalize                            - Undefined Weak Reference
    _clock_init                               - Undefined Weak Reference
    _microlib_exit                            - Undefined Weak Reference
    __Vectors_Size                           0x00000130   Number         0  startup_stm32f10x_hd.o ABSOLUTE
    __Vectors                                0x08000000   Data           4  startup_stm32f10x_hd.o(RESET)
    __Vectors_End                            0x08000130   Data           0  startup_stm32f10x_hd.o(RESET)
    __main                                   0x08000131   Thumb Code     0  entry.o(.ARM.Collect$$$$00000000)
    _main_stk                                0x08000131   Thumb Code     0  entry2.o(.ARM.Collect$$$$00000001)
    _main_scatterload                        0x08000135   Thumb Code     0  entry5.o(.ARM.Collect$$$$00000004)
    __main_after_scatterload                 0x08000139   Thumb Code     0  entry5.o(.ARM.Collect$$$$00000004)
    _main_clock                              0x08000139   Thumb Code     0  entry7b.o(.ARM.Collect$$$$00000008)
    _main_cpp_init                           0x08000139   Thumb Code     0  entry8b.o(.ARM.Collect$$$$0000000A)
    _main_init                               0x08000139   Thumb Code     0  entry9a.o(.ARM.Collect$$$$0000000B)
    __rt_final_cpp                           0x08000141   Thumb Code     0  entry10a.o(.ARM.Collect$$$$0000000D)
    __rt_final_exit                          0x08000141   Thumb Code     0  entry11a.o(.ARM.Collect$$$$0000000F)
    Reset_Handler                            0x08000145   Thumb Code     8  startup_stm32f10x_hd.o(.text)
    ADC1_2_IRQHandler                        0x0800015f   Thumb Code     0  startup_stm32f10x_hd.o(.text)
    ADC3_IRQHandler                          0x0800015f   Thumb Code     0  startup_stm32f10x_hd.o(.text)
    CAN1_RX1_IRQHandler                      0x0800015f   Thumb Code     0  startup_stm32f10x_hd.o(.text)
    CAN1_SCE_IRQHandler                      0x0800015f   Thumb Code     0  startup_stm32f10x_hd.o(.text)
    DMA1_Channel1_IRQHandler                 0x0800015f   Thumb Code     0  startup_stm32f10x_hd.o(.text)
    DMA1_Channel2_IRQHandler                 0x0800015f   Thumb Code     0  startup_stm32f10x_hd.o(.text)
    DMA1_Channel3_IRQHandler                 0x0800015f   Thumb Code     0  startup_stm32f10x_hd.o(.text)
    DMA1_Channel4_IRQHandler                 0x0800015f   Thumb Code     0  startup_stm32f10x_hd.o(.text)
    DMA1_Channel5_IRQHandler                 0x0800015f   Thumb Code     0  startup_stm32f10x_hd.o(.text)
    DMA1_Channel6_IRQHandler                 0x0800015f   Thumb Code     0  startup_stm32f10x_hd.o(.text)
    DMA1_Channel7_IRQHandler                 0x0800015f   Thumb Code     0  startup_stm32f10x_hd.o(.text)
    DMA2_Channel1_IRQHandler                 0x0800015f   Thumb Code     0  startup_stm32f10x_hd.o(.text)
    DMA2_Channel2_IRQHandler                 0x0800015f   Thumb Code     0  startup_stm32f10x_hd.o(.text)
    DMA2_Channel3_IRQHandler                 0x0800015f   Thumb Code     0  startup_stm32f10x_hd.o(.text)
    DMA2_Channel4_5_IRQHandler               0x0800015f   Thumb Code     0  startup_stm32f10x_hd.o(.text)
    EXTI0_IRQHandler                         0x0800015f   Thumb Code     0  startup_stm32f10x_hd.o(.text)
    EXTI15_10_IRQHandler                     0x0800015f   Thumb Code     0  startup_stm32f10x_hd.o(.text)
    EXTI2_IRQHandler                         0x0800015f   Thumb Code     0  startup_stm32f10x_hd.o(.text)
    EXTI3_IRQHandler                         0x0800015f   Thumb Code     0  startup_stm32f10x_hd.o(.text)
    EXTI4_IRQHandler                         0x0800015f   Thumb Code     0  startup_stm32f10x_hd.o(.text)
    FLASH_IRQHandler                         0x0800015f   Thumb Code     0  startup_stm32f10x_hd.o(.text)
    FSMC_IRQHandler                          0x0800015f   Thumb Code     0  startup_stm32f10x_hd.o(.text)
    I2C1_ER_IRQHandler                       0x0800015f   Thumb Code     0  startup_stm32f10x_hd.o(.text)
    I2C1_EV_IRQHandler                       0x0800015f   Thumb Code     0  startup_stm32f10x_hd.o(.text)
    I2C2_ER_IRQHandler                       0x0800015f   Thumb Code     0  startup_stm32f10x_hd.o(.text)
    I2C2_EV_IRQHandler                       0x0800015f   Thumb Code     0  startup_stm32f10x_hd.o(.text)
    PVD_IRQHandler                           0x0800015f   Thumb Code     0  startup_stm32f10x_hd.o(.text)
    RCC_IRQHandler                           0x0800015f   Thumb Code     0  startup_stm32f10x_hd.o(.text)
    RTCAlarm_IRQHandler                      0x0800015f   Thumb Code     0  startup_stm32f10x_hd.o(.text)
    RTC_IRQHandler                           0x0800015f   Thumb Code     0  startup_stm32f10x_hd.o(.text)
    SDIO_IRQHandler                          0x0800015f   Thumb Code     0  startup_stm32f10x_hd.o(.text)
    SPI1_IRQHandler                          0x0800015f   Thumb Code     0  startup_stm32f10x_hd.o(.text)
    SPI2_IRQHandler                          0x0800015f   Thumb Code     0  startup_stm32f10x_hd.o(.text)
    SPI3_IRQHandler                          0x0800015f   Thumb Code     0  startup_stm32f10x_hd.o(.text)
    TAMPER_IRQHandler                        0x0800015f   Thumb Code     0  startup_stm32f10x_hd.o(.text)
    TIM1_BRK_IRQHandler                      0x0800015f   Thumb Code     0  startup_stm32f10x_hd.o(.text)
    TIM1_CC_IRQHandler                       0x0800015f   Thumb Code     0  startup_stm32f10x_hd.o(.text)
    TIM1_TRG_COM_IRQHandler                  0x0800015f   Thumb Code     0  startup_stm32f10x_hd.o(.text)
    TIM1_UP_IRQHandler                       0x0800015f   Thumb Code     0  startup_stm32f10x_hd.o(.text)
    TIM3_IRQHandler                          0x0800015f   Thumb Code     0  startup_stm32f10x_hd.o(.text)
    TIM5_IRQHandler                          0x0800015f   Thumb Code     0  startup_stm32f10x_hd.o(.text)
    TIM6_IRQHandler                          0x0800015f   Thumb Code     0  startup_stm32f10x_hd.o(.text)
    TIM7_IRQHandler                          0x0800015f   Thumb Code     0  startup_stm32f10x_hd.o(.text)
    TIM8_BRK_IRQHandler                      0x0800015f   Thumb Code     0  startup_stm32f10x_hd.o(.text)
    TIM8_CC_IRQHandler                       0x0800015f   Thumb Code     0  startup_stm32f10x_hd.o(.text)
    TIM8_TRG_COM_IRQHandler                  0x0800015f   Thumb Code     0  startup_stm32f10x_hd.o(.text)
    TIM8_UP_IRQHandler                       0x0800015f   Thumb Code     0  startup_stm32f10x_hd.o(.text)
    UART4_IRQHandler                         0x0800015f   Thumb Code     0  startup_stm32f10x_hd.o(.text)
    UART5_IRQHandler                         0x0800015f   Thumb Code     0  startup_stm32f10x_hd.o(.text)
    USART2_IRQHandler                        0x0800015f   Thumb Code     0  startup_stm32f10x_hd.o(.text)
    USBWakeUp_IRQHandler                     0x0800015f   Thumb Code     0  startup_stm32f10x_hd.o(.text)
    USB_HP_CAN1_TX_IRQHandler                0x0800015f   Thumb Code     0  startup_stm32f10x_hd.o(.text)
    USB_LP_CAN1_RX0_IRQHandler               0x0800015f   Thumb Code     0  startup_stm32f10x_hd.o(.text)
    WWDG_IRQHandler                          0x0800015f   Thumb Code     0  startup_stm32f10x_hd.o(.text)
    __aeabi_memset                           0x08000169   Thumb Code    14  memseta.o(.text)
    __aeabi_memset4                          0x08000169   Thumb Code     0  memseta.o(.text)
    __aeabi_memset8                          0x08000169   Thumb Code     0  memseta.o(.text)
    __aeabi_memclr                           0x08000177   Thumb Code     4  memseta.o(.text)
    __aeabi_memclr4                          0x08000177   Thumb Code     0  memseta.o(.text)
    __aeabi_memclr8                          0x08000177   Thumb Code     0  memseta.o(.text)
    _memset$wrapper                          0x0800017b   Thumb Code    18  memseta.o(.text)
    __aeabi_fadd                             0x0800018d   Thumb Code   164  fadd.o(.text)
    __aeabi_fsub                             0x08000231   Thumb Code     6  fadd.o(.text)
    __aeabi_frsub                            0x08000237   Thumb Code     6  fadd.o(.text)
    __aeabi_fmul                             0x0800023d   Thumb Code   100  fmul.o(.text)
    __aeabi_fdiv                             0x080002a1   Thumb Code   124  fdiv.o(.text)
    __aeabi_dadd                             0x0800031d   Thumb Code   322  dadd.o(.text)
    __aeabi_dsub                             0x0800045f   Thumb Code     6  dadd.o(.text)
    __aeabi_drsub                            0x08000465   Thumb Code     6  dadd.o(.text)
    __aeabi_dmul                             0x0800046b   Thumb Code   228  dmul.o(.text)
    __aeabi_ddiv                             0x0800054f   Thumb Code   222  ddiv.o(.text)
    __aeabi_i2f                              0x0800062d   Thumb Code    18  fflti.o(.text)
    __aeabi_ui2f                             0x0800063f   Thumb Code    10  ffltui.o(.text)
    __aeabi_i2d                              0x08000649   Thumb Code    34  dflti.o(.text)
    __aeabi_ui2d                             0x0800066b   Thumb Code    26  dfltui.o(.text)
    __aeabi_f2iz                             0x08000685   Thumb Code    50  ffixi.o(.text)
    __aeabi_f2uiz                            0x080006b7   Thumb Code    40  ffixui.o(.text)
    __aeabi_f2d                              0x080006df   Thumb Code    38  f2d.o(.text)
    __aeabi_cdcmpeq                          0x08000705   Thumb Code     0  cdcmple.o(.text)
    __aeabi_cdcmple                          0x08000705   Thumb Code    48  cdcmple.o(.text)
    __aeabi_cdrcmple                         0x08000735   Thumb Code    48  cdrcmple.o(.text)
    __aeabi_d2f                              0x08000765   Thumb Code    56  d2f.o(.text)
    __aeabi_cfcmpeq                          0x0800079d   Thumb Code     0  cfcmple.o(.text)
    __aeabi_cfcmple                          0x0800079d   Thumb Code    20  cfcmple.o(.text)
    __aeabi_cfrcmple                         0x080007b1   Thumb Code    20  cfrcmple.o(.text)
    __aeabi_uidiv                            0x080007c5   Thumb Code     0  uidiv.o(.text)
    __aeabi_uidivmod                         0x080007c5   Thumb Code    44  uidiv.o(.text)
    __aeabi_uldivmod                         0x080007f1   Thumb Code    98  uldiv.o(.text)
    __aeabi_llsl                             0x08000853   Thumb Code    30  llshl.o(.text)
    _ll_shift_l                              0x08000853   Thumb Code     0  llshl.o(.text)
    __aeabi_lasr                             0x08000871   Thumb Code    36  llsshr.o(.text)
    _ll_sshift_r                             0x08000871   Thumb Code     0  llsshr.o(.text)
    __I$use$fp                               0x08000895   Thumb Code     0  iusefp.o(.text)
    _float_round                             0x08000895   Thumb Code    18  fepilogue.o(.text)
    _float_epilogue                          0x080008a7   Thumb Code    92  fepilogue.o(.text)
    _double_round                            0x08000903   Thumb Code    30  depilogue.o(.text)
    _double_epilogue                         0x08000921   Thumb Code   156  depilogue.o(.text)
    __ARM_scalbn                             0x080009bd   Thumb Code    46  dscalb.o(.text)
    scalbn                                   0x080009bd   Thumb Code     0  dscalb.o(.text)
    _dsqrt                                   0x080009eb   Thumb Code   162  dsqrt.o(.text)
    __aeabi_d2ulz                            0x08000a8d   Thumb Code    48  dfixul.o(.text)
    __scatterload                            0x08000abd   Thumb Code    28  init.o(.text)
    __scatterload_rt2                        0x08000abd   Thumb Code     0  init.o(.text)
    __aeabi_llsr                             0x08000ae1   Thumb Code    32  llushr.o(.text)
    _ll_ushift_r                             0x08000ae1   Thumb Code     0  llushr.o(.text)
    __aeabi_d2iz                             0x08000b01   Thumb Code    62  dfixi.o(.text)
    __decompress                             0x08000b3f   Thumb Code     0  __dczerorl2.o(.text)
    __decompress1                            0x08000b3f   Thumb Code    86  __dczerorl2.o(.text)
    ANO_DT_Data_Receive_Anl                  0x08000b95   Thumb Code   854  usart.o(i.ANO_DT_Data_Receive_Anl)
    ANO_DT_Data_Receive_Prepare              0x08000f15   Thumb Code   216  usart.o(i.ANO_DT_Data_Receive_Prepare)
    Acc_Calculate_Angle                      0x08001045   Thumb Code   294  imu.o(i.Acc_Calculate_Angle)
    Acc_get_six_sides_of_data                0x0800117d   Thumb Code   214  calibartion.o(i.Acc_get_six_sides_of_data)
    Accel_Calibartion                        0x08001275   Thumb Code   218  calibartion.o(i.Accel_Calibartion)
    Accel_Calibration_Check                  0x08001389   Thumb Code   714  calibartion.o(i.Accel_Calibration_Check)
    Altitude_Control                         0x080016a5   Thumb Code    12  control.o(i.Altitude_Control)
    Angle_Control                            0x080016b1   Thumb Code   132  control.o(i.Angle_Control)
    Bling_Init                               0x08001759   Thumb Code    54  bling.o(i.Bling_Init)
    BusFault_Handler                         0x08001799   Thumb Code     4  stm32f10x_it.o(i.BusFault_Handler)
    Calibrate_Find_Delta                     0x0800179d   Thumb Code   306  calibartion.o(i.Calibrate_Find_Delta)
    Calibrate_Reset_Matrices                 0x080018cf   Thumb Code    52  calibartion.o(i.Calibrate_Reset_Matrices)
    Calibrate_Update_Matrices                0x08001903   Thumb Code   254  calibartion.o(i.Calibrate_Update_Matrices)
    Calibrate_accel                          0x08001a01   Thumb Code   596  calibartion.o(i.Calibrate_accel)
    Check_Calibartion_Flag                   0x08001c69   Thumb Code    16  calibartion.o(i.Check_Calibartion_Flag)
    DebugMon_Handler                         0x08001c7d   Thumb Code     2  stm32f10x_it.o(i.DebugMon_Handler)
    Delay_Ms                                 0x08001c7f   Thumb Code    34  stm32f10x_it.o(i.Delay_Ms)
    Delay_Us                                 0x08001ca1   Thumb Code    24  stm32f10x_it.o(i.Delay_Us)
    EXTI1_IRQHandler                         0x08001cb9   Thumb Code   194  us_100.o(i.EXTI1_IRQHandler)
    EXTI9_5_IRQHandler                       0x08001da9   Thumb Code   156  ppm.o(i.EXTI9_5_IRQHandler)
    EXTI_ClearITPendingBit                   0x08001e69   Thumb Code     6  stm32f10x_exti.o(i.EXTI_ClearITPendingBit)
    EXTI_GetITStatus                         0x08001e75   Thumb Code    34  stm32f10x_exti.o(i.EXTI_GetITStatus)
    EXTI_Init                                0x08001e9d   Thumb Code   142  stm32f10x_exti.o(i.EXTI_Init)
    FLASH_ClearFlag                          0x08001f31   Thumb Code     6  stm32f10x_flash.o(i.FLASH_ClearFlag)
    FLASH_ErasePage                          0x08001f3d   Thumb Code    72  stm32f10x_flash.o(i.FLASH_ErasePage)
    FLASH_GetBank1Status                     0x08001f89   Thumb Code    48  stm32f10x_flash.o(i.FLASH_GetBank1Status)
    FLASH_Lock                               0x08001fbd   Thumb Code    14  stm32f10x_flash.o(i.FLASH_Lock)
    FLASH_ProgramWord                        0x08001fd1   Thumb Code   102  stm32f10x_flash.o(i.FLASH_ProgramWord)
    FLASH_Unlock                             0x0800203d   Thumb Code    12  stm32f10x_flash.o(i.FLASH_Unlock)
    FLASH_WaitForLastOperation               0x08002055   Thumb Code    38  stm32f10x_flash.o(i.FLASH_WaitForLastOperation)
    Fly_Mode_Select                          0x0800207d   Thumb Code   326  control.o(i.Fly_Mode_Select)
    GPIO_EXTILineConfig                      0x080021d5   Thumb Code    60  stm32f10x_gpio.o(i.GPIO_EXTILineConfig)
    GPIO_Init                                0x08002215   Thumb Code   278  stm32f10x_gpio.o(i.GPIO_Init)
    GPIO_PinRemapConfig                      0x0800232d   Thumb Code   138  stm32f10x_gpio.o(i.GPIO_PinRemapConfig)
    GPIO_ResetBits                           0x080023bd   Thumb Code     4  stm32f10x_gpio.o(i.GPIO_ResetBits)
    GPIO_SetBits                             0x080023c1   Thumb Code     4  stm32f10x_gpio.o(i.GPIO_SetBits)
    GPS_IS_OK                                0x080023c5   Thumb Code    44  control.o(i.GPS_IS_OK)
    Get_Acc                                  0x080023f9   Thumb Code   118  mpu6050.o(i.Get_Acc)
    Get_Data                                 0x0800248d   Thumb Code    34  mpu6050.o(i.Get_Data)
    Get_Gyro                                 0x080024b1   Thumb Code    52  mpu6050.o(i.Get_Gyro)
    Get_MPU_Data                             0x080024f1   Thumb Code   274  mpu6050.o(i.Get_MPU_Data)
    Get_Thr_Rate                             0x08002635   Thumb Code    68  ppm.o(i.Get_Thr_Rate)
    Gyro_Control                             0x0800267d   Thumb Code   144  control.o(i.Gyro_Control)
    HC_SR04_DN                               0x08002735   Thumb Code    74  us_100.o(i.HC_SR04_DN)
    HC_SR04_Init                             0x08002785   Thumb Code   114  us_100.o(i.HC_SR04_Init)
    HC_SR04_Start                            0x08002805   Thumb Code    54  us_100.o(i.HC_SR04_Start)
    HC_SR04_UP                               0x08002849   Thumb Code    74  us_100.o(i.HC_SR04_UP)
    HardFault_Handler                        0x08002899   Thumb Code     4  stm32f10x_it.o(i.HardFault_Handler)
    IIC_Init                                 0x0800289d   Thumb Code    66  iic.o(i.IIC_Init)
    IIC_ReceviByte                           0x080028e9   Thumb Code    82  iic.o(i.IIC_ReceviByte)
    IIC_SendByte                             0x08002941   Thumb Code    92  iic.o(i.IIC_SendByte)
    IIC_SlaveAck                             0x080029a1   Thumb Code    80  iic.o(i.IIC_SlaveAck)
    IIC_Start                                0x080029f5   Thumb Code    34  iic.o(i.IIC_Start)
    IIC_Stop                                 0x08002a1d   Thumb Code    52  iic.o(i.IIC_Stop)
    IMU_Gyro_Calibration                     0x08002a6d   Thumb Code   116  mpu6050.o(i.IMU_Gyro_Calibration)
    IMUupdate                                0x08002b09   Thumb Code  1662  imu.o(i.IMUupdate)
    LED_Process                              0x080031b1   Thumb Code   114  bling.o(i.LED_Process)
    LED_Set                                  0x08003223   Thumb Code    28  bling.o(i.LED_Set)
    LED_Work                                 0x08003241   Thumb Code   298  bling.o(i.LED_Work)
    LPButterworth                            0x08003381   Thumb Code   140  filter.o(i.LPButterworth)
    MPU6050_Initialize                       0x08003411   Thumb Code    68  mpu6050.o(i.MPU6050_Initialize)
    MPU_Data_Filter                          0x08003459   Thumb Code   192  mpu6050.o(i.MPU_Data_Filter)
    MPU_LPF                                  0x08003589   Thumb Code   116  filter.o(i.MPU_LPF)
    Main_Leading_Control                     0x080035fd   Thumb Code   204  control.o(i.Main_Leading_Control)
    MemManage_Handler                        0x080036e9   Thumb Code     4  stm32f10x_it.o(i.MemManage_Handler)
    Moto_PWM_Init                            0x080036ed   Thumb Code   192  moto_pwm.o(i.Moto_PWM_Init)
    NMI_Handler                              0x080037b9   Thumb Code     2  stm32f10x_it.o(i.NMI_Handler)
    NVIC_Configuration                       0x080037bb   Thumb Code   218  nvic.o(i.NVIC_Configuration)
    NVIC_Init                                0x08003895   Thumb Code   100  misc.o(i.NVIC_Init)
    NVIC_PriorityGroupConfig                 0x08003905   Thumb Code    10  misc.o(i.NVIC_PriorityGroupConfig)
    OLED_Clear                               0x08003919   Thumb Code    64  oled.o(i.OLED_Clear)
    OLED_Init                                0x08003959   Thumb Code   326  oled.o(i.OLED_Init)
    OLED_Set_Pos                             0x08003aa9   Thumb Code    46  oled.o(i.OLED_Set_Pos)
    OLED_Show                                0x08003ad9   Thumb Code   202  oled.o(i.OLED_Show)
    OLED_ShowChar                            0x08003bb1   Thumb Code   106  oled.o(i.OLED_ShowChar)
    OLED_ShowNum                             0x08003c21   Thumb Code   132  oled.o(i.OLED_ShowNum)
    OLED_ShowsSP                             0x08003ca5   Thumb Code   106  oled.o(i.OLED_ShowsSP)
    OLED_WR_Byte                             0x08003d11   Thumb Code    92  oled.o(i.OLED_WR_Byte)
    PID_Control                              0x08003d71   Thumb Code   362  pid.o(i.PID_Control)
    PID_Gyro_Differential_Control            0x08003ee9   Thumb Code   380  pid.o(i.PID_Gyro_Differential_Control)
    PID_Init                                 0x08004075   Thumb Code  1410  pid.o(i.PID_Init)
    PID_Integrate_Reset                      0x08004605   Thumb Code     6  pid.o(i.PID_Integrate_Reset)
    PPM_Init                                 0x0800460d   Thumb Code    72  ppm.o(i.PPM_Init)
    PPM_RC                                   0x08004659   Thumb Code   962  ppm.o(i.PPM_RC)
    PendSV_Handler                           0x08004a79   Thumb Code     2  stm32f10x_it.o(i.PendSV_Handler)
    Quad_Start_LED                           0x08004a7d   Thumb Code   126  bling.o(i.Quad_Start_LED)
    RCC_APB1PeriphClockCmd                   0x08004b19   Thumb Code    26  stm32f10x_rcc.o(i.RCC_APB1PeriphClockCmd)
    RCC_APB1PeriphResetCmd                   0x08004b39   Thumb Code    26  stm32f10x_rcc.o(i.RCC_APB1PeriphResetCmd)
    RCC_APB2PeriphClockCmd                   0x08004b59   Thumb Code    26  stm32f10x_rcc.o(i.RCC_APB2PeriphClockCmd)
    RCC_APB2PeriphResetCmd                   0x08004b79   Thumb Code    26  stm32f10x_rcc.o(i.RCC_APB2PeriphResetCmd)
    RCC_GetClocksFreq                        0x08004b99   Thumb Code   192  stm32f10x_rcc.o(i.RCC_GetClocksFreq)
    ReadFlashThreeFloat                      0x08004c6d   Thumb Code   172  flash.o(i.ReadFlashThreeFloat)
    ReadFlash_PID_Float                      0x08004d1d   Thumb Code   174  pid.o(i.ReadFlash_PID_Float)
    Read_Flash_Data                          0x08004dd1   Thumb Code   104  flash.o(i.Read_Flash_Data)
    Read_Flash_PID_Parameter                 0x08004e4d   Thumb Code   232  pid.o(i.Read_Flash_PID_Parameter)
    Reset_ntegrate                           0x08004f55   Thumb Code    40  pid.o(i.Reset_ntegrate)
    Rotate_Body_To_Navigation_System_ACC     0x08004f95   Thumb Code   564  sins.o(i.Rotate_Body_To_Navigation_System_ACC)
    SDA_IN                                   0x080051f9   Thumb Code    24  iic.o(i.SDA_IN)
    SDA_OUT                                  0x08005215   Thumb Code    30  iic.o(i.SDA_OUT)
    SINS_Prepare                             0x08005239   Thumb Code   188  sins.o(i.SINS_Prepare)
    SVC_Handler                              0x08005315   Thumb Code     2  stm32f10x_it.o(i.SVC_Handler)
    Save_PID_Parameter_Flash                 0x08005319   Thumb Code   596  pid.o(i.Save_PID_Parameter_Flash)
    Set_PWM                                  0x08005679   Thumb Code    48  moto_pwm.o(i.Set_PWM)
    Single_IIC_WriteByte                     0x080056ad   Thumb Code    36  iic.o(i.Single_IIC_WriteByte)
    Single_ReadIIC                           0x080056d1   Thumb Code    52  iic.o(i.Single_ReadIIC)
    SysTick_Handler                          0x08005705   Thumb Code    12  stm32f10x_it.o(i.SysTick_Handler)
    SystemInit                               0x08005715   Thumb Code    78  system_stm32f10x.o(i.SystemInit)
    TIM2_IRQHandler                          0x08005775   Thumb Code   152  time.o(i.TIM2_IRQHandler)
    TIM4_Configuration_Cnt                   0x08005835   Thumb Code    76  time.o(i.TIM4_Configuration_Cnt)
    TIM4_IRQHandler                          0x08005885   Thumb Code   130  time.o(i.TIM4_IRQHandler)
    TIM_ARRPreloadConfig                     0x08005929   Thumb Code    24  stm32f10x_tim.o(i.TIM_ARRPreloadConfig)
    TIM_ClearFlag                            0x08005941   Thumb Code     6  stm32f10x_tim.o(i.TIM_ClearFlag)
    TIM_ClearITPendingBit                    0x08005947   Thumb Code     6  stm32f10x_tim.o(i.TIM_ClearITPendingBit)
    TIM_Cmd                                  0x0800594d   Thumb Code    24  stm32f10x_tim.o(i.TIM_Cmd)
    TIM_DeInit                               0x08005965   Thumb Code   424  stm32f10x_tim.o(i.TIM_DeInit)
    TIM_GetITStatus                          0x08005b4d   Thumb Code    34  stm32f10x_tim.o(i.TIM_GetITStatus)
    TIM_ITConfig                             0x08005b6f   Thumb Code    18  stm32f10x_tim.o(i.TIM_ITConfig)
    TIM_OC1Init                              0x08005b81   Thumb Code   132  stm32f10x_tim.o(i.TIM_OC1Init)
    TIM_OC2Init                              0x08005c19   Thumb Code   154  stm32f10x_tim.o(i.TIM_OC2Init)
    TIM_OC2PreloadConfig                     0x08005cbd   Thumb Code    26  stm32f10x_tim.o(i.TIM_OC2PreloadConfig)
    TIM_OC3Init                              0x08005cd9   Thumb Code   150  stm32f10x_tim.o(i.TIM_OC3Init)
    TIM_OC4Init                              0x08005d79   Thumb Code   114  stm32f10x_tim.o(i.TIM_OC4Init)
    TIM_SetCompare1                          0x08005df5   Thumb Code     4  stm32f10x_tim.o(i.TIM_SetCompare1)
    TIM_SetCompare2                          0x08005df9   Thumb Code     4  stm32f10x_tim.o(i.TIM_SetCompare2)
    TIM_SetCompare3                          0x08005dfd   Thumb Code     4  stm32f10x_tim.o(i.TIM_SetCompare3)
    TIM_SetCompare4                          0x08005e01   Thumb Code     6  stm32f10x_tim.o(i.TIM_SetCompare4)
    TIM_TimeBaseInit                         0x08005e09   Thumb Code   122  stm32f10x_tim.o(i.TIM_TimeBaseInit)
    Test_Period                              0x08005ead   Thumb Code    78  time.o(i.Test_Period)
    Time2_Configuration                      0x08005f09   Thumb Code    80  time.o(i.Time2_Configuration)
    Total_Control                            0x08005f59   Thumb Code    40  control.o(i.Total_Control)
    Total_Control_Output                     0x08005f85   Thumb Code   420  control.o(i.Total_Control_Output)
    UART3_Send_2                             0x08006155   Thumb Code    74  usart.o(i.UART3_Send_2)
    USART1_IRQHandler                        0x080061a5   Thumb Code    62  esp8266.o(i.USART1_IRQHandler)
    USART1_Init                              0x080061f1   Thumb Code   124  usart.o(i.USART1_Init)
    USART2_Init                              0x08006275   Thumb Code   126  usart.o(i.USART2_Init)
    USART3_IRQHandler                        0x080062fd   Thumb Code    58  usart.o(i.USART3_IRQHandler)
    USART3_Init                              0x0800633d   Thumb Code   130  usart.o(i.USART3_Init)
    USART_ClearFlag                          0x080063c9   Thumb Code    18  stm32f10x_usart.o(i.USART_ClearFlag)
    USART_ClearITPendingBit                  0x080063db   Thumb Code    30  stm32f10x_usart.o(i.USART_ClearITPendingBit)
    USART_Cmd                                0x080063f9   Thumb Code    24  stm32f10x_usart.o(i.USART_Cmd)
    USART_GetFlagStatus                      0x08006411   Thumb Code    26  stm32f10x_usart.o(i.USART_GetFlagStatus)
    USART_GetITStatus                        0x0800642b   Thumb Code    84  stm32f10x_usart.o(i.USART_GetITStatus)
    USART_ITConfig                           0x0800647f   Thumb Code    74  stm32f10x_usart.o(i.USART_ITConfig)
    USART_Init                               0x080064c9   Thumb Code   210  stm32f10x_usart.o(i.USART_Init)
    USART_SendData                           0x080065a1   Thumb Code     8  stm32f10x_usart.o(i.USART_SendData)
    UsageFault_Handler                       0x080065a9   Thumb Code     4  stm32f10x_it.o(i.UsageFault_Handler)
    UsartPrintf                              0x080065ad   Thumb Code    72  usart.o(i.UsartPrintf)
    Value_Limit                              0x080065f5   Thumb Code    16  control.o(i.Value_Limit)
    W_S_A_Filter                             0x08006605   Thumb Code    80  mpu6050.o(i.W_S_A_Filter)
    W_S_A_Filter_2                           0x0800665d   Thumb Code    80  pid.o(i.W_S_A_Filter_2)
    WriteFlashSixFloat                       0x080066b5   Thumb Code   188  flash.o(i.WriteFlashSixFloat)
    Write_Flash_Data                         0x08006779   Thumb Code    36  flash.o(i.Write_Flash_Data)
    Write_Flash_PID_Parameter                0x080067a5   Thumb Code   216  flash.o(i.Write_Flash_PID_Parameter)
    Yaw_PID_Control                          0x08006885   Thumb Code   402  pid.o(i.Yaw_PID_Control)
    __0vsnprintf                             0x08006a31   Thumb Code    40  printfa.o(i.__0vsnprintf)
    __1vsnprintf                             0x08006a31   Thumb Code     0  printfa.o(i.__0vsnprintf)
    __2vsnprintf                             0x08006a31   Thumb Code     0  printfa.o(i.__0vsnprintf)
    __c89vsnprintf                           0x08006a31   Thumb Code     0  printfa.o(i.__0vsnprintf)
    vsnprintf                                0x08006a31   Thumb Code     0  printfa.o(i.__0vsnprintf)
    __ARM_fpclassify                         0x08006a5d   Thumb Code    40  fpclassify.o(i.__ARM_fpclassify)
    __ieee754_rem_pio2                       0x08006a85   Thumb Code   828  rred.o(i.__ieee754_rem_pio2)
    __kernel_cos                             0x08006e0d   Thumb Code   230  cos_i.o(i.__kernel_cos)
    __kernel_poly                            0x08006f09   Thumb Code   170  poly.o(i.__kernel_poly)
    __kernel_sin                             0x08006fb5   Thumb Code   224  sin_i.o(i.__kernel_sin)
    __mathlib_dbl_infnan                     0x080070a1   Thumb Code     6  dunder.o(i.__mathlib_dbl_infnan)
    __mathlib_dbl_infnan2                    0x080070a7   Thumb Code     4  dunder.o(i.__mathlib_dbl_infnan2)
    __mathlib_dbl_invalid                    0x080070ab   Thumb Code    12  dunder.o(i.__mathlib_dbl_invalid)
    __mathlib_dbl_underflow                  0x080070b9   Thumb Code    10  dunder.o(i.__mathlib_dbl_underflow)
    __scatterload_copy                       0x080070c9   Thumb Code    14  handlers.o(i.__scatterload_copy)
    __scatterload_null                       0x080070d7   Thumb Code     2  handlers.o(i.__scatterload_null)
    __scatterload_zeroinit                   0x080070d9   Thumb Code    14  handlers.o(i.__scatterload_zeroinit)
    __set_errno                              0x080070e9   Thumb Code     6  errno.o(i.__set_errno)
    asin                                     0x080079bd   Thumb Code   572  asin.o(i.asin)
    atan                                     0x08007c2d   Thumb Code   474  atan.o(i.atan)
    atan2                                    0x08007e4d   Thumb Code   346  atan2.o(i.atan2)
    constrain_float                          0x08007fcd   Thumb Code    40  sins.o(i.constrain_float)
    cos                                      0x08007ff5   Thumb Code   148  cos.o(i.cos)
    cycleCounterInit                         0x08008091   Thumb Code    26  stm32f10x_it.o(i.cycleCounterInit)
    imuComputeRotationMatrix                 0x080080b5   Thumb Code   474  sins.o(i.imuComputeRotationMatrix)
    invSqrt                                  0x080082bd   Thumb Code    70  imu.o(i.invSqrt)
    main                                     0x08008309   Thumb Code   254  main.o(i.main)
    micros                                   0x0800842d   Thumb Code    58  stm32f10x_it.o(i.micros)
    oled_pow                                 0x08008471   Thumb Code    22  oled.o(i.oled_pow)
    sin                                      0x08008489   Thumb Code   150  sin.o(i.sin)
    spl0601_get_calib_param                  0x08008529   Thumb Code   476  spl06_001.o(i.spl0601_get_calib_param)
    spl0601_init                             0x0800870d   Thumb Code    60  spl06_001.o(i.spl0601_init)
    spl0601_rateset                          0x08008751   Thumb Code   318  spl06_001.o(i.spl0601_rateset)
    spl0601_read                             0x08008895   Thumb Code    20  spl06_001.o(i.spl0601_read)
    spl0601_start_continuous                 0x080088a9   Thumb Code    18  spl06_001.o(i.spl0601_start_continuous)
    spl0601_write                            0x080088bb   Thumb Code    20  spl06_001.o(i.spl0601_write)
    sqrt                                     0x080088cf   Thumb Code    76  sqrt.o(i.sqrt)
    Control_Unit                             0x0800891c   Data        1020  pid.o(.constdata)
    F6x8                                     0x08008d18   Data         552  oled.o(.constdata)
    F8X16                                    0x08008f40   Data        1520  oled.o(.constdata)
    __mathlib_zero                           0x08009648   Data           8  qnan.o(.constdata)
    Region$$Table$$Base                      0x08009754   Number         0  anon$$obj.o(Region$$Table)
    Region$$Table$$Limit                     0x08009774   Number         0  anon$$obj.o(Region$$Table)
    SystemCoreClock                          0x20000000   Data           4  system_stm32f10x.o(.data)
    AHBPrescTable                            0x20000004   Data          16  system_stm32f10x.o(.data)
    sysTickUptime                            0x2000002c   Data           4  stm32f10x_it.o(.data)
    devSubTopics                             0x20000030   Data           4  main.o(.data)
    timeCount                                0x20000034   Data           2  main.o(.data)
    dataPtr                                  0x20000038   Data           4  main.o(.data)
    ALT_USE                                  0x2000003c   Data           4  usart.o(.data)
    TxCounter                                0x20000040   Data           1  usart.o(.data)
    count                                    0x20000041   Data           1  usart.o(.data)
    ANO_Send_PID_Flag                        0x20000042   Data           6  usart.o(.data)
    AN0_Cnt                                  0x20000048   Data           2  usart.o(.data)
    send_cnt                                 0x2000004a   Data           2  usart.o(.data)
    Flag                                     0x20000050   Data           2  mpu6050.o(.data)
    K                                        0x20000054   Data          12  mpu6050.o(.data)
    Butterworth_30HZ_Parameter_Acce          0x20000060   Data          24  mpu6050.o(.data)
    Gyro_Parameter                           0x20000078   Data          24  mpu6050.o(.data)
    Butterworth_1HZ_Parameter_Acce           0x20000090   Data          24  mpu6050.o(.data)
    acc_x                                    0x200000a8   Data           4  mpu6050.o(.data)
    acc_y                                    0x200000ac   Data           4  mpu6050.o(.data)
    acc_z                                    0x200000b0   Data           4  mpu6050.o(.data)
    gyro_x                                   0x200000b4   Data           4  mpu6050.o(.data)
    gyro_y                                   0x200000b8   Data           4  mpu6050.o(.data)
    gyro_z                                   0x200000bc   Data           4  mpu6050.o(.data)
    gyro_x_offset                            0x200000c0   Data           4  mpu6050.o(.data)
    gyro_y_offset                            0x200000c4   Data           4  mpu6050.o(.data)
    gyro_z_offset                            0x200000c8   Data           4  mpu6050.o(.data)
    gyro_o_v_X                               0x200000cc   Data           4  mpu6050.o(.data)
    gyro_o_v_Y                               0x200000d0   Data           4  mpu6050.o(.data)
    gyro_o_v_Z                               0x200000d4   Data           4  mpu6050.o(.data)
    acc_o_v_X                                0x200000d8   Data           4  mpu6050.o(.data)
    acc_o_v_Y                                0x200000dc   Data           4  mpu6050.o(.data)
    acc_o_v_Z                                0x200000e0   Data           4  mpu6050.o(.data)
    gyro_v_a_o_c_X                           0x200000e4   Data           4  mpu6050.o(.data)
    gyro_v_a_o_c_Y                           0x200000e8   Data           4  mpu6050.o(.data)
    gyro_v_a_o_c_Z                           0x200000ec   Data           4  mpu6050.o(.data)
    acc_v_a_o_c_X                            0x200000f0   Data           4  mpu6050.o(.data)
    acc_v_a_o_c_Y                            0x200000f4   Data           4  mpu6050.o(.data)
    acc_v_a_o_c_Z                            0x200000f8   Data           4  mpu6050.o(.data)
    Filter_Corret_Gyro_X                     0x200000fc   Data           4  mpu6050.o(.data)
    Filter_Corret_Gyro_Y                     0x20000100   Data           4  mpu6050.o(.data)
    Filter_Corret_Gyro_Z                     0x20000104   Data           4  mpu6050.o(.data)
    Filter_Corret_Gyro_X1                    0x20000108   Data           4  mpu6050.o(.data)
    Filter_Corret_Gyro_Y1                    0x2000010c   Data           4  mpu6050.o(.data)
    Filter_Corret_Gyro_Z1                    0x20000110   Data           4  mpu6050.o(.data)
    Filter_Corret_Acc_X                      0x20000114   Data           4  mpu6050.o(.data)
    Filter_Corret_Acc_Y                      0x20000118   Data           4  mpu6050.o(.data)
    Filter_Corret_Acc_Z                      0x2000011c   Data           4  mpu6050.o(.data)
    Filter_Corret_Acc_X1                     0x20000120   Data           4  mpu6050.o(.data)
    Filter_Corret_Acc_Y1                     0x20000124   Data           4  mpu6050.o(.data)
    Filter_Corret_Acc_Z1                     0x20000128   Data           4  mpu6050.o(.data)
    _cnt                                     0x2000012c   Data           1  mpu6050.o(.data)
    TIME_ISR_CNT                             0x20000130   Data           4  time.o(.data)
    LAST_TIME_ISR_CNT                        0x20000134   Data           4  time.o(.data)
    Microsecond_Cnt                          0x20000138   Data           2  time.o(.data)
    Microsecond                              0x2000013a   Data           2  time.o(.data)
    Second                                   0x2000013c   Data           2  time.o(.data)
    Minute                                   0x2000013e   Data           2  time.o(.data)
    Hour                                     0x20000140   Data           2  time.o(.data)
    LED_MODE                                 0x20000142   Data           1  time.o(.data)
    HC_SR04_Cnt                              0x20000143   Data           1  time.o(.data)
    temperature                              0x20000148   Data           4  spl06_001.o(.data)
    pressure                                 0x2000014c   Data           4  spl06_001.o(.data)
    Cos_Yaw                                  0x20000154   Data           4  sins.o(.data)
    Cos_Roll                                 0x20000158   Data           4  sins.o(.data)
    Cos_Pitch                                0x2000015c   Data           4  sins.o(.data)
    Sin_Yaw                                  0x20000160   Data           4  sins.o(.data)
    Sin_Roll                                 0x20000164   Data           4  sins.o(.data)
    Sin_Pitch                                0x20000168   Data           4  sins.o(.data)
    SINS_Accel_Body                          0x2000016c   Data           8  sins.o(.data)
    Acceleration_Length                      0x20000174   Data           4  sins.o(.data)
    q0_DCM                                   0x20000178   Data           4  sins.o(.data)
    q1_DCM                                   0x2000017c   Data           4  sins.o(.data)
    q2_DCM                                   0x20000180   Data           4  sins.o(.data)
    q3_DCM                                   0x20000184   Data           4  sins.o(.data)
    exInt                                    0x20000188   Data           4  imu.o(.data)
    eyInt                                    0x2000018c   Data           4  imu.o(.data)
    ezInt                                    0x20000190   Data           4  imu.o(.data)
    q0                                       0x20000194   Data           4  imu.o(.data)
    q1                                       0x20000198   Data           4  imu.o(.data)
    q2                                       0x2000019c   Data           4  imu.o(.data)
    q3                                       0x200001a0   Data           4  imu.o(.data)
    Pitch                                    0x200001a4   Data           4  imu.o(.data)
    Roll                                     0x200001a8   Data           4  imu.o(.data)
    Yaw                                      0x200001ac   Data           4  imu.o(.data)
    Yaw_Gyro                                 0x200001b0   Data           4  imu.o(.data)
    Pitch_Gyro                               0x200001b4   Data           4  imu.o(.data)
    Roll_Gyro                                0x200001b8   Data           4  imu.o(.data)
    Z_Axis_Angular_Velocity_Of_Navigation_System 0x200001bc   Data           4  imu.o(.data)
    Angle_Acc_X                              0x200001c0   Data           4  imu.o(.data)
    Angle_Acc_Y                              0x200001c4   Data           4  imu.o(.data)
    Angle_Acc_Z                              0x200001c8   Data           4  imu.o(.data)
    Gyro_Length                              0x200001cc   Data           4  imu.o(.data)
    IMU_DT                                   0x200001d0   Data           4  imu.o(.data)
    IMU_DT1                                  0x200001d4   Data           4  imu.o(.data)
    Motor_PWM_1                              0x200001d8   Data           2  control.o(.data)
    Motor_PWM_2                              0x200001da   Data           2  control.o(.data)
    Motor_PWM_3                              0x200001dc   Data           2  control.o(.data)
    Motor_PWM_4                              0x200001de   Data           2  control.o(.data)
    Throttle_Output                          0x200001e0   Data           2  control.o(.data)
    Thr_Fly_Start                            0x200001e2   Data           2  control.o(.data)
    Throttle_Idling                          0x200001e4   Data           2  control.o(.data)
    Flag1                                    0x200001e8   Data           8  control.o(.data)
    NOW_Model                                0x200001f0   Data           2  control.o(.data)
    Last_Model                               0x200001f2   Data           2  control.o(.data)
    Channel_Change_Flag                      0x200001f4   Data           2  control.o(.data)
    Throttle                                 0x200001f6   Data           2  control.o(.data)
    Last_Throttle                            0x200001f8   Data           2  control.o(.data)
    Throttle_Hover                           0x200001fa   Data           2  control.o(.data)
    yaw_cnt                                  0x200001fc   Data           2  control.o(.data)
    gg                                       0x20000200   Data           4  control.o(.data)
    Controler_State                          0x20000208   Data           2  ppm.o(.data)
    PPM_Sample_Cnt                           0x2000020a   Data           2  ppm.o(.data)
    PPM_Isr_Cnt                              0x2000020c   Data           2  ppm.o(.data)
    Last_PPM_Time                            0x20000210   Data           4  ppm.o(.data)
    PPM_Time                                 0x20000214   Data           4  ppm.o(.data)
    PPM_Time_Delta                           0x20000218   Data           2  ppm.o(.data)
    PPM_Time_Max                             0x2000021a   Data           2  ppm.o(.data)
    PPM_Start_Time                           0x2000021c   Data           2  ppm.o(.data)
    PPM_Finished_Time                        0x2000021e   Data           2  ppm.o(.data)
    PPM_Is_Okay                              0x20000220   Data           2  ppm.o(.data)
    Throttle_Rate                            0x20000222   Data           2  ppm.o(.data)
    Throttle_Control                         0x20000224   Data           2  ppm.o(.data)
    Pitch_Control                            0x20000226   Data           2  ppm.o(.data)
    Roll_Control                             0x20000228   Data           2  ppm.o(.data)
    Yaw_Control                              0x2000022a   Data           2  ppm.o(.data)
    Target_Angle                             0x2000022c   Data           4  ppm.o(.data)
    Last_Throttle_Control                    0x20000230   Data           2  ppm.o(.data)
    Pre_Last_Throttle_Control                0x20000232   Data           2  ppm.o(.data)
    Throttle_Base                            0x20000234   Data           2  ppm.o(.data)
    TempThrottle_Control                     0x20000236   Data           2  ppm.o(.data)
    QuadData                                 0x20000238   Data           4  ppm.o(.data)
    QuadRemoteFlag                           0x2000023c   Data           4  ppm.o(.data)
    RC_NewData                               0x20000240   Data           8  ppm.o(.data)
    RC_Init_Cnt                              0x20000248   Data           2  ppm.o(.data)
    Auto_ReLock_Cnt                          0x2000024a   Data           2  ppm.o(.data)
    Auto_Relock_Flag                         0x2000024c   Data           1  ppm.o(.data)
    Auto_Relock_Flag_Set                     0x2000024d   Data           1  ppm.o(.data)
    Y_T                                      0x2000024e   Data           2  ppm.o(.data)
    T_temp                                   0x20000250   Data           2  ppm.o(.data)
    Temp_RC                                  0x20000252   Data           2  ppm.o(.data)
    Unlock_Cnt                               0x20000254   Data           2  ppm.o(.data)
    Lock_Cnt                                 0x20000256   Data           2  ppm.o(.data)
    X_cnt                                    0x20000258   Data           1  pid.o(.data)
    PID_flash_Write_Flag                     0x20000259   Data           1  pid.o(.data)
    flight_direction                         0x2000025c   Data           1  calibartion.o(.data)
    Accel_Calibration_Finished               0x2000025d   Data           6  calibartion.o(.data)
    Accel_Calibration_All_Finished           0x20000263   Data           1  calibartion.o(.data)
    Cal_Flag                                 0x20000264   Data           1  calibartion.o(.data)
    new_scales                               0x20000268   Data          12  calibartion.o(.data)
    Accel_Calibration_Makesure_Cnt           0x20000274   Data           2  calibartion.o(.data)
    Accel_flight_direction_cnt               0x20000276   Data           2  calibartion.o(.data)
    FLASHStatus                              0x20000278   Data           1  flash.o(.data)
    Parameter_Read_Flag                      0x20000279   Data           3  flash.o(.data)
    US_Distance                              0x2000027c   Data           4  us_100.o(.data)
    HC_SR04_StartFlag                        0x20000280   Data           1  us_100.o(.data)
    HC_SR04_Distance                         0x20000284   Data           4  us_100.o(.data)
    HC_SR04_RSSI                             0x20000288   Data           2  us_100.o(.data)
    Test_Cnt1                                0x2000028c   Data           4  us_100.o(.data)
    Test_Cnt2                                0x20000290   Data           4  us_100.o(.data)
    Test_Delta                               0x20000294   Data           4  us_100.o(.data)
    Exti_Cnt                                 0x20000298   Data           2  us_100.o(.data)
    Sample_Cnt                               0x2000029a   Data           2  us_100.o(.data)
    Hzk                                      0x2000029c   Data         448  oled.o(.data)
    sps                                      0x2000045c   Data         768  oled.o(.data)
    qk                                       0x2000075c   Data         320  oled.o(.data)
    esp8266_cnt                              0x2000089c   Data           2  esp8266.o(.data)
    esp8266_cntPre                           0x2000089e   Data           2  esp8266.o(.data)
    data_to_send                             0x200008a4   Data          50  usart.o(.bss)
    TxBuffer                                 0x200008d6   Data         256  usart.o(.bss)
    LED_5                                    0x20000a08   Data          20  bling.o(.bss)
    LED_2                                    0x20000a1c   Data          20  bling.o(.bss)
    LED_3                                    0x20000a30   Data          20  bling.o(.bss)
    LED_4                                    0x20000a44   Data          20  bling.o(.bss)
    Butterworth_Buffer_Correct               0x20000a58   Data          72  mpu6050.o(.bss)
    Gyro_Buffer_data                         0x20000aa0   Data          72  mpu6050.o(.bss)
    Accel_Buffer_data                        0x20000ae8   Data          72  mpu6050.o(.bss)
    B                                        0x20000b30   Data          12  mpu6050.o(.bss)
    Acce_Correct                             0x20000b3c   Data          12  mpu6050.o(.bss)
    Data_Gyro_X                              0x20000b48   Data          52  mpu6050.o(.bss)
    Data_Gyro_Y                              0x20000b7c   Data          52  mpu6050.o(.bss)
    Data_Gyro_Z                              0x20000bb0   Data          52  mpu6050.o(.bss)
    Data_Acc_X                               0x20000be4   Data          52  mpu6050.o(.bss)
    Data_Acc_Y                               0x20000c18   Data          52  mpu6050.o(.bss)
    Data_Acc_Z                               0x20000c4c   Data          52  mpu6050.o(.bss)
    Time2_Delta                              0x20000c80   Data          16  time.o(.bss)
    acc                                      0x20000cbc   Data          12  sins.o(.bss)
    Filter_Before                            0x20000cc8   Data        1272  sins.o(.bss)
    Filter_After                             0x200011c0   Data        1272  sins.o(.bss)
    Filter_Feedback                          0x200016b8   Data        1272  sins.o(.bss)
    Origin                                   0x20001bb0   Data        1272  sins.o(.bss)
    rMat                                     0x200020a8   Data          36  sins.o(.bss)
    IMU_Delta                                0x200020cc   Data          16  imu.o(.bss)
    Fly_Mode                                 0x200020dc   Data          12  control.o(.bss)
    PPM_Databuf                              0x200020e8   Data          20  ppm.o(.bss)
    RC_Control                               0x200020fc   Data          32  ppm.o(.bss)
    Pitch_Angle_Control                      0x2000216c   Data         132  pid.o(.bss)
    Pitch_Gyro_Control                       0x200021f0   Data         132  pid.o(.bss)
    Roll_Angle_Control                       0x20002274   Data         132  pid.o(.bss)
    Roll_Gyro_Control                        0x200022f8   Data         132  pid.o(.bss)
    Yaw_Angle_Control                        0x2000237c   Data         132  pid.o(.bss)
    Yaw_Gyro_Control                         0x20002400   Data         132  pid.o(.bss)
    High_Position_Control                    0x20002484   Data         132  pid.o(.bss)
    High_Speed_Control                       0x20002508   Data         132  pid.o(.bss)
    Longitude_Position_Control               0x2000258c   Data         132  pid.o(.bss)
    Latitude_Position_Control                0x20002610   Data         132  pid.o(.bss)
    Latitude_Speed_Control                   0x20002694   Data         132  pid.o(.bss)
    High_Acce_Control                        0x20002718   Data         132  pid.o(.bss)
    Longitude_Acce_Control                   0x2000279c   Data         132  pid.o(.bss)
    Latitude_Acce_Control                    0x20002820   Data         132  pid.o(.bss)
    Data_Err_LPF                             0x200028a4   Data          44  pid.o(.bss)
    Parameter                                0x200028d0   Data         132  pid.o(.bss)
    PID_Parameter_Read_Flag                  0x20002954   Data          11  pid.o(.bss)
    Acc_Each_Side_Data                       0x20002960   Data          72  calibartion.o(.bss)
    new_offset                               0x200029a8   Data          12  calibartion.o(.bss)
    STMFLASH_BUF                             0x200029b4   Data        2048  flash.o(.bss)
    ACC_Cal_offset                           0x200031b4   Data          12  flash.o(.bss)
    ACC_Cal_scales                           0x200031c0   Data          12  flash.o(.bss)
    esp8266_buf                              0x200031cc   Data         128  esp8266.o(.bss)
    __initial_sp                             0x20003650   Data           0  startup_stm32f10x_hd.o(STACK)



==============================================================================

Memory Map of the image

  Image Entry point : 0x08000131

  Load Region LR_IROM1 (Base: 0x08000000, Size: 0x0000a018, Max: 0x00040000, ABSOLUTE, COMPRESSED[0x00009a60])

    Execution Region ER_IROM1 (Exec base: 0x08000000, Load base: 0x08000000, Size: 0x00009774, Max: 0x00040000, ABSOLUTE)

    Exec Addr    Load Addr    Size         Type   Attr      Idx    E Section Name        Object

    0x08000000   0x08000000   0x00000130   Data   RO          132    RESET               startup_stm32f10x_hd.o
    0x08000130   0x08000130   0x00000000   Code   RO         3472  * .ARM.Collect$$$$00000000  mc_w.l(entry.o)
    0x08000130   0x08000130   0x00000004   Code   RO         3849    .ARM.Collect$$$$00000001  mc_w.l(entry2.o)
    0x08000134   0x08000134   0x00000004   Code   RO         3852    .ARM.Collect$$$$00000004  mc_w.l(entry5.o)
    0x08000138   0x08000138   0x00000000   Code   RO         3854    .ARM.Collect$$$$00000008  mc_w.l(entry7b.o)
    0x08000138   0x08000138   0x00000000   Code   RO         3856    .ARM.Collect$$$$0000000A  mc_w.l(entry8b.o)
    0x08000138   0x08000138   0x00000008   Code   RO         3857    .ARM.Collect$$$$0000000B  mc_w.l(entry9a.o)
    0x08000140   0x08000140   0x00000000   Code   RO         3859    .ARM.Collect$$$$0000000D  mc_w.l(entry10a.o)
    0x08000140   0x08000140   0x00000000   Code   RO         3861    .ARM.Collect$$$$0000000F  mc_w.l(entry11a.o)
    0x08000140   0x08000140   0x00000004   Code   RO         3850    .ARM.Collect$$$$00002712  mc_w.l(entry2.o)
    0x08000144   0x08000144   0x00000024   Code   RO          133    .text               startup_stm32f10x_hd.o
    0x08000168   0x08000168   0x00000024   Code   RO         3477    .text               mc_w.l(memseta.o)
    0x0800018c   0x0800018c   0x000000b0   Code   RO         3780    .text               mf_w.l(fadd.o)
    0x0800023c   0x0800023c   0x00000064   Code   RO         3782    .text               mf_w.l(fmul.o)
    0x080002a0   0x080002a0   0x0000007c   Code   RO         3784    .text               mf_w.l(fdiv.o)
    0x0800031c   0x0800031c   0x0000014e   Code   RO         3786    .text               mf_w.l(dadd.o)
    0x0800046a   0x0800046a   0x000000e4   Code   RO         3788    .text               mf_w.l(dmul.o)
    0x0800054e   0x0800054e   0x000000de   Code   RO         3790    .text               mf_w.l(ddiv.o)
    0x0800062c   0x0800062c   0x00000012   Code   RO         3792    .text               mf_w.l(fflti.o)
    0x0800063e   0x0800063e   0x0000000a   Code   RO         3794    .text               mf_w.l(ffltui.o)
    0x08000648   0x08000648   0x00000022   Code   RO         3796    .text               mf_w.l(dflti.o)
    0x0800066a   0x0800066a   0x0000001a   Code   RO         3798    .text               mf_w.l(dfltui.o)
    0x08000684   0x08000684   0x00000032   Code   RO         3800    .text               mf_w.l(ffixi.o)
    0x080006b6   0x080006b6   0x00000028   Code   RO         3802    .text               mf_w.l(ffixui.o)
    0x080006de   0x080006de   0x00000026   Code   RO         3804    .text               mf_w.l(f2d.o)
    0x08000704   0x08000704   0x00000030   Code   RO         3806    .text               mf_w.l(cdcmple.o)
    0x08000734   0x08000734   0x00000030   Code   RO         3808    .text               mf_w.l(cdrcmple.o)
    0x08000764   0x08000764   0x00000038   Code   RO         3810    .text               mf_w.l(d2f.o)
    0x0800079c   0x0800079c   0x00000014   Code   RO         3812    .text               mf_w.l(cfcmple.o)
    0x080007b0   0x080007b0   0x00000014   Code   RO         3814    .text               mf_w.l(cfrcmple.o)
    0x080007c4   0x080007c4   0x0000002c   Code   RO         3866    .text               mc_w.l(uidiv.o)
    0x080007f0   0x080007f0   0x00000062   Code   RO         3868    .text               mc_w.l(uldiv.o)
    0x08000852   0x08000852   0x0000001e   Code   RO         3870    .text               mc_w.l(llshl.o)
    0x08000870   0x08000870   0x00000024   Code   RO         3872    .text               mc_w.l(llsshr.o)
    0x08000894   0x08000894   0x00000000   Code   RO         3885    .text               mc_w.l(iusefp.o)
    0x08000894   0x08000894   0x0000006e   Code   RO         3886    .text               mf_w.l(fepilogue.o)
    0x08000902   0x08000902   0x000000ba   Code   RO         3888    .text               mf_w.l(depilogue.o)
    0x080009bc   0x080009bc   0x0000002e   Code   RO         3890    .text               mf_w.l(dscalb.o)
    0x080009ea   0x080009ea   0x000000a2   Code   RO         3892    .text               mf_w.l(dsqrt.o)
    0x08000a8c   0x08000a8c   0x00000030   Code   RO         3894    .text               mf_w.l(dfixul.o)
    0x08000abc   0x08000abc   0x00000024   Code   RO         3896    .text               mc_w.l(init.o)
    0x08000ae0   0x08000ae0   0x00000020   Code   RO         3899    .text               mc_w.l(llushr.o)
    0x08000b00   0x08000b00   0x0000003e   Code   RO         3932    .text               mf_w.l(dfixi.o)
    0x08000b3e   0x08000b3e   0x00000056   Code   RO         3944    .text               mc_w.l(__dczerorl2.o)
    0x08000b94   0x08000b94   0x00000380   Code   RO         1972    i.ANO_DT_Data_Receive_Anl  usart.o
    0x08000f14   0x08000f14   0x000000e8   Code   RO         1973    i.ANO_DT_Data_Receive_Prepare  usart.o
    0x08000ffc   0x08000ffc   0x00000048   Code   RO         1974    i.ANO_DT_Send_Check  usart.o
    0x08001044   0x08001044   0x00000138   Code   RO         2554    i.Acc_Calculate_Angle  imu.o
    0x0800117c   0x0800117c   0x000000f8   Code   RO         2761    i.Acc_get_six_sides_of_data  calibartion.o
    0x08001274   0x08001274   0x00000114   Code   RO         2762    i.Accel_Calibartion  calibartion.o
    0x08001388   0x08001388   0x0000031c   Code   RO         2763    i.Accel_Calibration_Check  calibartion.o
    0x080016a4   0x080016a4   0x0000000c   Code   RO         2585    i.Altitude_Control  control.o
    0x080016b0   0x080016b0   0x000000a8   Code   RO         2586    i.Angle_Control     control.o
    0x08001758   0x08001758   0x00000040   Code   RO         2115    i.Bling_Init        bling.o
    0x08001798   0x08001798   0x00000004   Code   RO         1760    i.BusFault_Handler  stm32f10x_it.o
    0x0800179c   0x0800179c   0x00000132   Code   RO         2764    i.Calibrate_Find_Delta  calibartion.o
    0x080018ce   0x080018ce   0x00000034   Code   RO         2765    i.Calibrate_Reset_Matrices  calibartion.o
    0x08001902   0x08001902   0x000000fe   Code   RO         2766    i.Calibrate_Update_Matrices  calibartion.o
    0x08001a00   0x08001a00   0x00000268   Code   RO         2767    i.Calibrate_accel   calibartion.o
    0x08001c68   0x08001c68   0x00000014   Code   RO         2768    i.Check_Calibartion_Flag  calibartion.o
    0x08001c7c   0x08001c7c   0x00000002   Code   RO         1761    i.DebugMon_Handler  stm32f10x_it.o
    0x08001c7e   0x08001c7e   0x00000022   Code   RO         1762    i.Delay_Ms          stm32f10x_it.o
    0x08001ca0   0x08001ca0   0x00000018   Code   RO         1763    i.Delay_Us          stm32f10x_it.o
    0x08001cb8   0x08001cb8   0x000000f0   Code   RO         2881    i.EXTI1_IRQHandler  us_100.o
    0x08001da8   0x08001da8   0x000000c0   Code   RO         2649    i.EXTI9_5_IRQHandler  ppm.o
    0x08001e68   0x08001e68   0x0000000c   Code   RO         1707    i.EXTI_ClearITPendingBit  stm32f10x_exti.o
    0x08001e74   0x08001e74   0x00000028   Code   RO         1711    i.EXTI_GetITStatus  stm32f10x_exti.o
    0x08001e9c   0x08001e9c   0x00000094   Code   RO         1712    i.EXTI_Init         stm32f10x_exti.o
    0x08001f30   0x08001f30   0x0000000c   Code   RO         1218    i.FLASH_ClearFlag   stm32f10x_flash.o
    0x08001f3c   0x08001f3c   0x0000004c   Code   RO         1223    i.FLASH_ErasePage   stm32f10x_flash.o
    0x08001f88   0x08001f88   0x00000034   Code   RO         1224    i.FLASH_GetBank1Status  stm32f10x_flash.o
    0x08001fbc   0x08001fbc   0x00000014   Code   RO         1233    i.FLASH_Lock        stm32f10x_flash.o
    0x08001fd0   0x08001fd0   0x0000006c   Code   RO         1238    i.FLASH_ProgramWord  stm32f10x_flash.o
    0x0800203c   0x0800203c   0x00000018   Code   RO         1241    i.FLASH_Unlock      stm32f10x_flash.o
    0x08002054   0x08002054   0x00000026   Code   RO         1245    i.FLASH_WaitForLastOperation  stm32f10x_flash.o
    0x0800207a   0x0800207a   0x00000002   PAD
    0x0800207c   0x0800207c   0x00000158   Code   RO         2587    i.Fly_Mode_Select   control.o
    0x080021d4   0x080021d4   0x00000040   Code   RO         1395    i.GPIO_EXTILineConfig  stm32f10x_gpio.o
    0x08002214   0x08002214   0x00000116   Code   RO         1398    i.GPIO_Init         stm32f10x_gpio.o
    0x0800232a   0x0800232a   0x00000002   PAD
    0x0800232c   0x0800232c   0x00000090   Code   RO         1400    i.GPIO_PinRemapConfig  stm32f10x_gpio.o
    0x080023bc   0x080023bc   0x00000004   Code   RO         1405    i.GPIO_ResetBits    stm32f10x_gpio.o
    0x080023c0   0x080023c0   0x00000004   Code   RO         1406    i.GPIO_SetBits      stm32f10x_gpio.o
    0x080023c4   0x080023c4   0x00000034   Code   RO         2588    i.GPS_IS_OK         control.o
    0x080023f8   0x080023f8   0x00000094   Code   RO         2275    i.Get_Acc           mpu6050.o
    0x0800248c   0x0800248c   0x00000022   Code   RO         2276    i.Get_Data          mpu6050.o
    0x080024ae   0x080024ae   0x00000002   PAD
    0x080024b0   0x080024b0   0x00000040   Code   RO         2277    i.Get_Gyro          mpu6050.o
    0x080024f0   0x080024f0   0x00000144   Code   RO         2278    i.Get_MPU_Data      mpu6050.o
    0x08002634   0x08002634   0x00000048   Code   RO         2650    i.Get_Thr_Rate      ppm.o
    0x0800267c   0x0800267c   0x000000b8   Code   RO         2589    i.Gyro_Control      control.o
    0x08002734   0x08002734   0x00000050   Code   RO         2882    i.HC_SR04_DN        us_100.o
    0x08002784   0x08002784   0x00000080   Code   RO         2883    i.HC_SR04_Init      us_100.o
    0x08002804   0x08002804   0x00000044   Code   RO         2884    i.HC_SR04_Start     us_100.o
    0x08002848   0x08002848   0x00000050   Code   RO         2885    i.HC_SR04_UP        us_100.o
    0x08002898   0x08002898   0x00000004   Code   RO         1764    i.HardFault_Handler  stm32f10x_it.o
    0x0800289c   0x0800289c   0x0000004c   Code   RO         2193    i.IIC_Init          iic.o
    0x080028e8   0x080028e8   0x00000058   Code   RO         2194    i.IIC_ReceviByte    iic.o
    0x08002940   0x08002940   0x00000060   Code   RO         2195    i.IIC_SendByte      iic.o
    0x080029a0   0x080029a0   0x00000054   Code   RO         2196    i.IIC_SlaveAck      iic.o
    0x080029f4   0x080029f4   0x00000028   Code   RO         2197    i.IIC_Start         iic.o
    0x08002a1c   0x08002a1c   0x00000038   Code   RO         2198    i.IIC_Stop          iic.o
    0x08002a54   0x08002a54   0x00000016   Code   RO         2199    i.IIC_delay         iic.o
    0x08002a6a   0x08002a6a   0x00000002   PAD
    0x08002a6c   0x08002a6c   0x0000009c   Code   RO         2279    i.IMU_Gyro_Calibration  mpu6050.o
    0x08002b08   0x08002b08   0x000006a8   Code   RO         2555    i.IMUupdate         imu.o
    0x080031b0   0x080031b0   0x00000072   Code   RO         2118    i.LED_Process       bling.o
    0x08003222   0x08003222   0x0000001c   Code   RO         2119    i.LED_Set           bling.o
    0x0800323e   0x0800323e   0x00000002   PAD
    0x08003240   0x08003240   0x00000140   Code   RO         2120    i.LED_Work          bling.o
    0x08003380   0x08003380   0x00000090   Code   RO         2498    i.LPButterworth     filter.o
    0x08003410   0x08003410   0x00000048   Code   RO         2280    i.MPU6050_Initialize  mpu6050.o
    0x08003458   0x08003458   0x00000130   Code   RO         2281    i.MPU_Data_Filter   mpu6050.o
    0x08003588   0x08003588   0x00000074   Code   RO         2499    i.MPU_LPF           filter.o
    0x080035fc   0x080035fc   0x000000ec   Code   RO         2590    i.Main_Leading_Control  control.o
    0x080036e8   0x080036e8   0x00000004   Code   RO         1765    i.MemManage_Handler  stm32f10x_it.o
    0x080036ec   0x080036ec   0x000000cc   Code   RO         2174    i.Moto_PWM_Init     moto_pwm.o
    0x080037b8   0x080037b8   0x00000002   Code   RO         1766    i.NMI_Handler       stm32f10x_it.o
    0x080037ba   0x080037ba   0x000000da   Code   RO         2102    i.NVIC_Configuration  nvic.o
    0x08003894   0x08003894   0x00000070   Code   RO          888    i.NVIC_Init         misc.o
    0x08003904   0x08003904   0x00000014   Code   RO          889    i.NVIC_PriorityGroupConfig  misc.o
    0x08003918   0x08003918   0x00000040   Code   RO         2935    i.OLED_Clear        oled.o
    0x08003958   0x08003958   0x00000150   Code   RO         2939    i.OLED_Init         oled.o
    0x08003aa8   0x08003aa8   0x0000002e   Code   RO         2940    i.OLED_Set_Pos      oled.o
    0x08003ad6   0x08003ad6   0x00000002   PAD
    0x08003ad8   0x08003ad8   0x000000d8   Code   RO         2941    i.OLED_Show         oled.o
    0x08003bb0   0x08003bb0   0x00000070   Code   RO         2943    i.OLED_ShowChar     oled.o
    0x08003c20   0x08003c20   0x00000084   Code   RO         2944    i.OLED_ShowNum      oled.o
    0x08003ca4   0x08003ca4   0x0000006a   Code   RO         2946    i.OLED_ShowsSP      oled.o
    0x08003d0e   0x08003d0e   0x00000002   PAD
    0x08003d10   0x08003d10   0x00000060   Code   RO         2947    i.OLED_WR_Byte      oled.o
    0x08003d70   0x08003d70   0x00000178   Code   RO         2687    i.PID_Control       pid.o
    0x08003ee8   0x08003ee8   0x0000018c   Code   RO         2688    i.PID_Gyro_Differential_Control  pid.o
    0x08004074   0x08004074   0x00000590   Code   RO         2689    i.PID_Init          pid.o
    0x08004604   0x08004604   0x00000006   Code   RO         2690    i.PID_Integrate_Reset  pid.o
    0x0800460a   0x0800460a   0x00000002   PAD
    0x0800460c   0x0800460c   0x0000004c   Code   RO         2651    i.PPM_Init          ppm.o
    0x08004658   0x08004658   0x00000420   Code   RO         2652    i.PPM_RC            ppm.o
    0x08004a78   0x08004a78   0x00000002   Code   RO         1767    i.PendSV_Handler    stm32f10x_it.o
    0x08004a7a   0x08004a7a   0x00000002   PAD
    0x08004a7c   0x08004a7c   0x0000009c   Code   RO         2121    i.Quad_Start_LED    bling.o
    0x08004b18   0x08004b18   0x00000020   Code   RO         1508    i.RCC_APB1PeriphClockCmd  stm32f10x_rcc.o
    0x08004b38   0x08004b38   0x00000020   Code   RO         1509    i.RCC_APB1PeriphResetCmd  stm32f10x_rcc.o
    0x08004b58   0x08004b58   0x00000020   Code   RO         1510    i.RCC_APB2PeriphClockCmd  stm32f10x_rcc.o
    0x08004b78   0x08004b78   0x00000020   Code   RO         1511    i.RCC_APB2PeriphResetCmd  stm32f10x_rcc.o
    0x08004b98   0x08004b98   0x000000d4   Code   RO         1518    i.RCC_GetClocksFreq  stm32f10x_rcc.o
    0x08004c6c   0x08004c6c   0x000000b0   Code   RO         2830    i.ReadFlashThreeFloat  flash.o
    0x08004d1c   0x08004d1c   0x000000b4   Code   RO         2691    i.ReadFlash_PID_Float  pid.o
    0x08004dd0   0x08004dd0   0x0000007c   Code   RO         2831    i.Read_Flash_Data   flash.o
    0x08004e4c   0x08004e4c   0x00000108   Code   RO         2692    i.Read_Flash_PID_Parameter  pid.o
    0x08004f54   0x08004f54   0x00000040   Code   RO         2693    i.Reset_ntegrate    pid.o
    0x08004f94   0x08004f94   0x00000264   Code   RO         2517    i.Rotate_Body_To_Navigation_System_ACC  sins.o
    0x080051f8   0x080051f8   0x0000001c   Code   RO         2200    i.SDA_IN            iic.o
    0x08005214   0x08005214   0x00000024   Code   RO         2201    i.SDA_OUT           iic.o
    0x08005238   0x08005238   0x000000dc   Code   RO         2518    i.SINS_Prepare      sins.o
    0x08005314   0x08005314   0x00000002   Code   RO         1768    i.SVC_Handler       stm32f10x_it.o
    0x08005316   0x08005316   0x00000002   PAD
    0x08005318   0x08005318   0x00000278   Code   RO         2694    i.Save_PID_Parameter_Flash  pid.o
    0x08005590   0x08005590   0x00000008   Code   RO           17    i.SetSysClock       system_stm32f10x.o
    0x08005598   0x08005598   0x000000e0   Code   RO           18    i.SetSysClockTo72   system_stm32f10x.o
    0x08005678   0x08005678   0x00000034   Code   RO         2175    i.Set_PWM           moto_pwm.o
    0x080056ac   0x080056ac   0x00000024   Code   RO         2202    i.Single_IIC_WriteByte  iic.o
    0x080056d0   0x080056d0   0x00000034   Code   RO         2203    i.Single_ReadIIC    iic.o
    0x08005704   0x08005704   0x00000010   Code   RO         1769    i.SysTick_Handler   stm32f10x_it.o
    0x08005714   0x08005714   0x00000060   Code   RO           20    i.SystemInit        system_stm32f10x.o
    0x08005774   0x08005774   0x000000c0   Code   RO         2359    i.TIM2_IRQHandler   time.o
    0x08005834   0x08005834   0x00000050   Code   RO         2360    i.TIM4_Configuration_Cnt  time.o
    0x08005884   0x08005884   0x000000a4   Code   RO         2361    i.TIM4_IRQHandler   time.o
    0x08005928   0x08005928   0x00000018   Code   RO          141    i.TIM_ARRPreloadConfig  stm32f10x_tim.o
    0x08005940   0x08005940   0x00000006   Code   RO          147    i.TIM_ClearFlag     stm32f10x_tim.o
    0x08005946   0x08005946   0x00000006   Code   RO          148    i.TIM_ClearITPendingBit  stm32f10x_tim.o
    0x0800594c   0x0800594c   0x00000018   Code   RO          153    i.TIM_Cmd           stm32f10x_tim.o
    0x08005964   0x08005964   0x000001e8   Code   RO          158    i.TIM_DeInit        stm32f10x_tim.o
    0x08005b4c   0x08005b4c   0x00000022   Code   RO          174    i.TIM_GetITStatus   stm32f10x_tim.o
    0x08005b6e   0x08005b6e   0x00000012   Code   RO          178    i.TIM_ITConfig      stm32f10x_tim.o
    0x08005b80   0x08005b80   0x00000098   Code   RO          182    i.TIM_OC1Init       stm32f10x_tim.o
    0x08005c18   0x08005c18   0x000000a4   Code   RO          187    i.TIM_OC2Init       stm32f10x_tim.o
    0x08005cbc   0x08005cbc   0x0000001a   Code   RO          190    i.TIM_OC2PreloadConfig  stm32f10x_tim.o
    0x08005cd6   0x08005cd6   0x00000002   PAD
    0x08005cd8   0x08005cd8   0x000000a0   Code   RO          192    i.TIM_OC3Init       stm32f10x_tim.o
    0x08005d78   0x08005d78   0x0000007c   Code   RO          197    i.TIM_OC4Init       stm32f10x_tim.o
    0x08005df4   0x08005df4   0x00000004   Code   RO          214    i.TIM_SetCompare1   stm32f10x_tim.o
    0x08005df8   0x08005df8   0x00000004   Code   RO          215    i.TIM_SetCompare2   stm32f10x_tim.o
    0x08005dfc   0x08005dfc   0x00000004   Code   RO          216    i.TIM_SetCompare3   stm32f10x_tim.o
    0x08005e00   0x08005e00   0x00000006   Code   RO          217    i.TIM_SetCompare4   stm32f10x_tim.o
    0x08005e06   0x08005e06   0x00000002   PAD
    0x08005e08   0x08005e08   0x000000a4   Code   RO          224    i.TIM_TimeBaseInit  stm32f10x_tim.o
    0x08005eac   0x08005eac   0x0000005c   Code   RO         2362    i.Test_Period       time.o
    0x08005f08   0x08005f08   0x00000050   Code   RO         2363    i.Time2_Configuration  time.o
    0x08005f58   0x08005f58   0x0000002c   Code   RO         2591    i.Total_Control     control.o
    0x08005f84   0x08005f84   0x000001d0   Code   RO         2592    i.Total_Control_Output  control.o
    0x08006154   0x08006154   0x00000050   Code   RO         1983    i.UART3_Send_2      usart.o
    0x080061a4   0x080061a4   0x0000004c   Code   RO         3112    i.USART1_IRQHandler  esp8266.o
    0x080061f0   0x080061f0   0x00000084   Code   RO         1984    i.USART1_Init       usart.o
    0x08006274   0x08006274   0x00000088   Code   RO         1985    i.USART2_Init       usart.o
    0x080062fc   0x080062fc   0x00000040   Code   RO         1986    i.USART3_IRQHandler  usart.o
    0x0800633c   0x0800633c   0x0000008c   Code   RO         1987    i.USART3_Init       usart.o
    0x080063c8   0x080063c8   0x00000012   Code   RO          708    i.USART_ClearFlag   stm32f10x_usart.o
    0x080063da   0x080063da   0x0000001e   Code   RO          709    i.USART_ClearITPendingBit  stm32f10x_usart.o
    0x080063f8   0x080063f8   0x00000018   Code   RO          712    i.USART_Cmd         stm32f10x_usart.o
    0x08006410   0x08006410   0x0000001a   Code   RO          715    i.USART_GetFlagStatus  stm32f10x_usart.o
    0x0800642a   0x0800642a   0x00000054   Code   RO          716    i.USART_GetITStatus  stm32f10x_usart.o
    0x0800647e   0x0800647e   0x0000004a   Code   RO          718    i.USART_ITConfig    stm32f10x_usart.o
    0x080064c8   0x080064c8   0x000000d8   Code   RO          719    i.USART_Init        stm32f10x_usart.o
    0x080065a0   0x080065a0   0x00000008   Code   RO          729    i.USART_SendData    stm32f10x_usart.o
    0x080065a8   0x080065a8   0x00000004   Code   RO         1770    i.UsageFault_Handler  stm32f10x_it.o
    0x080065ac   0x080065ac   0x00000048   Code   RO         1988    i.UsartPrintf       usart.o
    0x080065f4   0x080065f4   0x00000010   Code   RO         2593    i.Value_Limit       control.o
    0x08006604   0x08006604   0x00000058   Code   RO         2282    i.W_S_A_Filter      mpu6050.o
    0x0800665c   0x0800665c   0x00000058   Code   RO         2695    i.W_S_A_Filter_2    pid.o
    0x080066b4   0x080066b4   0x000000c4   Code   RO         2832    i.WriteFlashSixFloat  flash.o
    0x08006778   0x08006778   0x0000002c   Code   RO         2833    i.Write_Flash_Data  flash.o
    0x080067a4   0x080067a4   0x000000e0   Code   RO         2834    i.Write_Flash_PID_Parameter  flash.o
    0x08006884   0x08006884   0x000001ac   Code   RO         2696    i.Yaw_PID_Control   pid.o
    0x08006a30   0x08006a30   0x0000002c   Code   RO         3727    i.__0vsnprintf      mc_w.l(printfa.o)
    0x08006a5c   0x08006a5c   0x00000028   Code   RO         3833    i.__ARM_fpclassify  m_ws.l(fpclassify.o)
    0x08006a84   0x08006a84   0x00000388   Code   RO         3838    i.__ieee754_rem_pio2  m_ws.l(rred.o)
    0x08006e0c   0x08006e0c   0x000000fc   Code   RO         3816    i.__kernel_cos      m_ws.l(cos_i.o)
    0x08006f08   0x08006f08   0x000000aa   Code   RO         3835    i.__kernel_poly     m_ws.l(poly.o)
    0x08006fb2   0x08006fb2   0x00000002   PAD
    0x08006fb4   0x08006fb4   0x000000ec   Code   RO         3843    i.__kernel_sin      m_ws.l(sin_i.o)
    0x080070a0   0x080070a0   0x00000006   Code   RO         3820    i.__mathlib_dbl_infnan  m_ws.l(dunder.o)
    0x080070a6   0x080070a6   0x00000004   Code   RO         3821    i.__mathlib_dbl_infnan2  m_ws.l(dunder.o)
    0x080070aa   0x080070aa   0x0000000c   Code   RO         3822    i.__mathlib_dbl_invalid  m_ws.l(dunder.o)
    0x080070b6   0x080070b6   0x00000002   PAD
    0x080070b8   0x080070b8   0x00000010   Code   RO         3825    i.__mathlib_dbl_underflow  m_ws.l(dunder.o)
    0x080070c8   0x080070c8   0x0000000e   Code   RO         3938    i.__scatterload_copy  mc_w.l(handlers.o)
    0x080070d6   0x080070d6   0x00000002   Code   RO         3939    i.__scatterload_null  mc_w.l(handlers.o)
    0x080070d8   0x080070d8   0x0000000e   Code   RO         3940    i.__scatterload_zeroinit  mc_w.l(handlers.o)
    0x080070e6   0x080070e6   0x00000002   PAD
    0x080070e8   0x080070e8   0x0000000c   Code   RO         3878    i.__set_errno       mc_w.l(errno.o)
    0x080070f4   0x080070f4   0x00000184   Code   RO         3729    i._fp_digits        mc_w.l(printfa.o)
    0x08007278   0x08007278   0x000006dc   Code   RO         3730    i._printf_core      mc_w.l(printfa.o)
    0x08007954   0x08007954   0x00000024   Code   RO         3731    i._printf_post_padding  mc_w.l(printfa.o)
    0x08007978   0x08007978   0x0000002e   Code   RO         3732    i._printf_pre_padding  mc_w.l(printfa.o)
    0x080079a6   0x080079a6   0x00000016   Code   RO         3733    i._snputc           mc_w.l(printfa.o)
    0x080079bc   0x080079bc   0x00000270   Code   RO         3421    i.asin              m_ws.l(asin.o)
    0x08007c2c   0x08007c2c   0x00000220   Code   RO         3431    i.atan              m_ws.l(atan.o)
    0x08007e4c   0x08007e4c   0x00000180   Code   RO         3441    i.atan2             m_ws.l(atan2.o)
    0x08007fcc   0x08007fcc   0x00000028   Code   RO         2519    i.constrain_float   sins.o
    0x08007ff4   0x08007ff4   0x0000009c   Code   RO         3449    i.cos               m_ws.l(cos.o)
    0x08008090   0x08008090   0x00000024   Code   RO         1771    i.cycleCounterInit  stm32f10x_it.o
    0x080080b4   0x080080b4   0x00000208   Code   RO         2520    i.imuComputeRotationMatrix  sins.o
    0x080082bc   0x080082bc   0x0000004c   Code   RO         2556    i.invSqrt           imu.o
    0x08008308   0x08008308   0x00000124   Code   RO         1856    i.main              main.o
    0x0800842c   0x0800842c   0x00000044   Code   RO         1772    i.micros            stm32f10x_it.o
    0x08008470   0x08008470   0x00000016   Code   RO         2948    i.oled_pow          oled.o
    0x08008486   0x08008486   0x00000002   PAD
    0x08008488   0x08008488   0x000000a0   Code   RO         3457    i.sin               m_ws.l(sin.o)
    0x08008528   0x08008528   0x000001e4   Code   RO         2406    i.spl0601_get_calib_param  spl06_001.o
    0x0800870c   0x0800870c   0x00000044   Code   RO         2411    i.spl0601_init      spl06_001.o
    0x08008750   0x08008750   0x00000144   Code   RO         2412    i.spl0601_rateset   spl06_001.o
    0x08008894   0x08008894   0x00000014   Code   RO         2413    i.spl0601_read      spl06_001.o
    0x080088a8   0x080088a8   0x00000012   Code   RO         2414    i.spl0601_start_continuous  spl06_001.o
    0x080088ba   0x080088ba   0x00000014   Code   RO         2417    i.spl0601_write     spl06_001.o
    0x080088ce   0x080088ce   0x0000004c   Code   RO         3465    i.sqrt              m_ws.l(sqrt.o)
    0x0800891a   0x0800891a   0x00000002   PAD
    0x0800891c   0x0800891c   0x000003fc   Data   RO         2698    .constdata          pid.o
    0x08008d18   0x08008d18   0x00000818   Data   RO         2949    .constdata          oled.o
    0x08009530   0x08009530   0x00000050   Data   RO         3422    .constdata          m_ws.l(asin.o)
    0x08009580   0x08009580   0x00000098   Data   RO         3432    .constdata          m_ws.l(atan.o)
    0x08009618   0x08009618   0x00000030   Data   RO         3817    .constdata          m_ws.l(cos_i.o)
    0x08009648   0x08009648   0x00000008   Data   RO         3837    .constdata          m_ws.l(qnan.o)
    0x08009650   0x08009650   0x000000c8   Data   RO         3840    .constdata          m_ws.l(rred.o)
    0x08009718   0x08009718   0x00000028   Data   RO         3844    .constdata          m_ws.l(sin_i.o)
    0x08009740   0x08009740   0x00000011   Data   RO         1859    .conststring        main.o
    0x08009751   0x08009751   0x00000003   PAD
    0x08009754   0x08009754   0x00000020   Data   RO         3936    Region$$Table       anon$$obj.o


    Execution Region RW_IRAM1 (Exec base: 0x20000000, Load base: 0x08009774, Size: 0x00003650, Max: 0x0000c000, ABSOLUTE, COMPRESSED[0x000002ec])

    Exec Addr    Load Addr    Size         Type   Attr      Idx    E Section Name        Object

    0x20000000   COMPRESSED   0x00000014   Data   RW           21    .data               system_stm32f10x.o
    0x20000014   COMPRESSED   0x00000014   Data   RW         1538    .data               stm32f10x_rcc.o
    0x20000028   COMPRESSED   0x00000008   Data   RW         1774    .data               stm32f10x_it.o
    0x20000030   COMPRESSED   0x0000000c   Data   RW         1860    .data               main.o
    0x2000003c   COMPRESSED   0x00000013   Data   RW         1991    .data               usart.o
    0x2000004f   COMPRESSED   0x00000001   PAD
    0x20000050   COMPRESSED   0x000000dd   Data   RW         2284    .data               mpu6050.o
    0x2000012d   COMPRESSED   0x00000003   PAD
    0x20000130   COMPRESSED   0x00000014   Data   RW         2365    .data               time.o
    0x20000144   COMPRESSED   0x0000000c   Data   RW         2420    .data               spl06_001.o
    0x20000150   COMPRESSED   0x00000004   Data   RW         2500    .data               filter.o
    0x20000154   COMPRESSED   0x00000034   Data   RW         2522    .data               sins.o
    0x20000188   COMPRESSED   0x00000050   Data   RW         2558    .data               imu.o
    0x200001d8   COMPRESSED   0x0000002e   Data   RW         2595    .data               control.o
    0x20000206   COMPRESSED   0x00000002   PAD
    0x20000208   COMPRESSED   0x00000050   Data   RW         2654    .data               ppm.o
    0x20000258   COMPRESSED   0x00000002   Data   RW         2699    .data               pid.o
    0x2000025a   COMPRESSED   0x00000002   PAD
    0x2000025c   COMPRESSED   0x0000001c   Data   RW         2770    .data               calibartion.o
    0x20000278   COMPRESSED   0x00000004   Data   RW         2837    .data               flash.o
    0x2000027c   COMPRESSED   0x00000020   Data   RW         2888    .data               us_100.o
    0x2000029c   COMPRESSED   0x00000600   Data   RW         2950    .data               oled.o
    0x2000089c   COMPRESSED   0x00000004   Data   RW         3114    .data               esp8266.o
    0x200008a0   COMPRESSED   0x00000004   Data   RW         3879    .data               mc_w.l(errno.o)
    0x200008a4        -       0x00000164   Zero   RW         1990    .bss                usart.o
    0x20000a08        -       0x00000050   Zero   RW         2122    .bss                bling.o
    0x20000a58        -       0x00000228   Zero   RW         2283    .bss                mpu6050.o
    0x20000c80        -       0x00000010   Zero   RW         2364    .bss                time.o
    0x20000c90        -       0x0000002c   Zero   RW         2419    .bss                spl06_001.o
    0x20000cbc        -       0x00001410   Zero   RW         2521    .bss                sins.o
    0x200020cc        -       0x00000010   Zero   RW         2557    .bss                imu.o
    0x200020dc        -       0x0000000c   Zero   RW         2594    .bss                control.o
    0x200020e8        -       0x00000084   Zero   RW         2653    .bss                ppm.o
    0x2000216c        -       0x000007f3   Zero   RW         2697    .bss                pid.o
    0x2000295f   COMPRESSED   0x00000001   PAD
    0x20002960        -       0x00000054   Zero   RW         2769    .bss                calibartion.o
    0x200029b4        -       0x00000818   Zero   RW         2836    .bss                flash.o
    0x200031cc        -       0x00000080   Zero   RW         3113    .bss                esp8266.o
    0x2000324c   COMPRESSED   0x00000004   PAD
    0x20003250        -       0x00000400   Zero   RW          130    STACK               startup_stm32f10x_hd.o


==============================================================================

Image component sizes


      Code (inc. data)   RO Data    RW Data    ZI Data      Debug   Object Name

       682         62          0          0         80       3955   bling.o
      2568        198          0         28         84       7740   calibartion.o
      1520        182          0         46         12       5741   control.o
         0          0          0          0          0       4540   core_cm3.o
        76         14          0          4        128       1481   esp8266.o
       260          4          0          4          0       1646   filter.o
       764         48          0          4       2072       4625   flash.o
       614         44          0          0          0       5676   iic.o
      2092        162          0         80         16       3635   imu.o
       292         38         17         12          0      22272   main.o
       132         22          0          0          0       1431   misc.o
       256         16          0          0          0       1630   moto_pwm.o
      1190        256          0        221        552       9162   mpu6050.o
       218          0          0          0          0        629   nvic.o
      1130         34       2072       1536          0       6388   oled.o
      3858        204       1020          2       2035       9727   pid.o
      1396        138          0         80        132       4510   ppm.o
      1392        126          0         52       5136       4258   sins.o
       934         22          0         12         44       5498   spl06_001.o
        36          8        304          0       1024        800   startup_stm32f10x_hd.o
       200         18          0          0          0       1984   stm32f10x_exti.o
       330         38          0          0          0       5140   stm32f10x_flash.o
       494         10          0          0          0       4308   stm32f10x_gpio.o
       202         24          0          8          0       6432   stm32f10x_it.o
       340         44          0         20          0       5376   stm32f10x_rcc.o
      1408        156          0          0          0     217441   stm32f10x_tim.o
       480          6          0          0          0       6553   stm32f10x_usart.o
       328         28          0         20          0      51941   system_stm32f10x.o
       608         92          0         20         16       3438   time.o
       596         86          0         32          0       3165   us_100.o
      1824        102          0         19        356       7502   usart.o

    ----------------------------------------------------------------------
     26246       2182       3448       2208      11692     418624   Object Totals
         0          0         32          0          0          0   (incl. Generated)
        26          0          3          8          5          0   (incl. Padding)

    ----------------------------------------------------------------------

      Code (inc. data)   RO Data    RW Data    ZI Data      Debug   Library Member Name

       624         52         80          0          0        168   asin.o
       544         70        152          0          0        124   atan.o
       384         38          0          0          0        144   atan2.o
       156          8          0          0          0        104   cos.o
       252         22         48          0          0        124   cos_i.o
        38          6          0          0          0        272   dunder.o
        40          0          0          0          0         68   fpclassify.o
       170          0          0          0          0         96   poly.o
         0          0          8          0          0          0   qnan.o
       904         76        200          0          0        140   rred.o
       160         10          0          0          0        108   sin.o
       236         12         40          0          0        128   sin_i.o
        76          0          0          0          0         84   sqrt.o
        86          0          0          0          0          0   __dczerorl2.o
         0          0          0          0          0          0   entry.o
         0          0          0          0          0          0   entry10a.o
         0          0          0          0          0          0   entry11a.o
         8          4          0          0          0          0   entry2.o
         4          0          0          0          0          0   entry5.o
         0          0          0          0          0          0   entry7b.o
         0          0          0          0          0          0   entry8b.o
         8          4          0          0          0          0   entry9a.o
        12          6          0          4          0         68   errno.o
        30          0          0          0          0          0   handlers.o
        36          8          0          0          0         68   init.o
         0          0          0          0          0          0   iusefp.o
        30          0          0          0          0         68   llshl.o
        36          0          0          0          0         68   llsshr.o
        32          0          0          0          0         68   llushr.o
        36          0          0          0          0        108   memseta.o
      2292         84          0          0          0        516   printfa.o
        44          0          0          0          0         80   uidiv.o
        98          0          0          0          0         92   uldiv.o
        48          0          0          0          0         68   cdcmple.o
        48          0          0          0          0         68   cdrcmple.o
        20          0          0          0          0         68   cfcmple.o
        20          0          0          0          0         68   cfrcmple.o
        56          0          0          0          0         88   d2f.o
       334          0          0          0          0        148   dadd.o
       222          0          0          0          0        100   ddiv.o
       186          0          0          0          0        176   depilogue.o
        62          0          0          0          0         80   dfixi.o
        48          0          0          0          0         68   dfixul.o
        34          0          0          0          0         76   dflti.o
        26          0          0          0          0         76   dfltui.o
       228          0          0          0          0         96   dmul.o
        46          0          0          0          0         80   dscalb.o
       162          0          0          0          0        100   dsqrt.o
        38          0          0          0          0         68   f2d.o
       176          0          0          0          0        140   fadd.o
       124          0          0          0          0         88   fdiv.o
       110          0          0          0          0        168   fepilogue.o
        50          0          0          0          0         68   ffixi.o
        40          0          0          0          0         68   ffixui.o
        18          0          0          0          0         68   fflti.o
        10          0          0          0          0         68   ffltui.o
       100          0          0          0          0         76   fmul.o

    ----------------------------------------------------------------------
      8550        400        528          4          0       4868   Library Totals
         8          0          0          0          0          0   (incl. Padding)

    ----------------------------------------------------------------------

      Code (inc. data)   RO Data    RW Data    ZI Data      Debug   Library Name

      3584        294        528          0          0       1560   m_ws.l
      2752        106          0          4          0       1136   mc_w.l
      2206          0          0          0          0       2172   mf_w.l

    ----------------------------------------------------------------------
      8550        400        528          4          0       4868   Library Totals

    ----------------------------------------------------------------------

==============================================================================


      Code (inc. data)   RO Data    RW Data    ZI Data      Debug   

     34796       2582       3976       2212      11692     412388   Grand Totals
     34796       2582       3976        748      11692     412388   ELF Image Totals (compressed)
     34796       2582       3976        748          0          0   ROM Totals

==============================================================================

    Total RO  Size (Code + RO Data)                38772 (  37.86kB)
    Total RW  Size (RW Data + ZI Data)             13904 (  13.58kB)
    Total ROM Size (Code + RO Data + RW Data)      39520 (  38.59kB)

==============================================================================

